Archive member included because of file (symbol)

../../Common/drivers/LuminaryMicro/arm-none-eabi-gcc/libdriver.a(ethernet.o)
                              ../../Common/ethernet/ETHIsr.o (EthernetInitExpClk)
../../Common/drivers/LuminaryMicro/arm-none-eabi-gcc/libdriver.a(flash.o)
                              ../../Common/ethernet/ETHIsr.o (FlashUserGet)
../../Common/drivers/LuminaryMicro/arm-none-eabi-gcc/libdriver.a(gpio.o)
                              ../../Common/ethernet/ETHIsr.o (GPIODirModeSet)
../../Common/drivers/LuminaryMicro/arm-none-eabi-gcc/libdriver.a(interrupt.o)
                              ../../Common/drivers/LuminaryMicro/arm-none-eabi-gcc/libdriver.a(ethernet.o) (IntRegister)
../../Common/drivers/LuminaryMicro/arm-none-eabi-gcc/libdriver.a(ssi.o)
                              rit128x96x4.o (SSIConfigSetExpClk)
../../Common/drivers/LuminaryMicro/arm-none-eabi-gcc/libdriver.a(sysctl.o)
                              uart0.o (SysCtlPeripheralPresent)
../../Common/drivers/LuminaryMicro/arm-none-eabi-gcc/libdriver.a(uart.o)
                              uart0.o (UARTFIFOLevelSet)
../../Common/drivers/LuminaryMicro/arm-none-eabi-gcc/libdriver.a(cpu.o)
                              ../../Common/drivers/LuminaryMicro/arm-none-eabi-gcc/libdriver.a(interrupt.o) (CPUcpsid)
c:/arquivos de programas/codesourcery/sourcery g++ lite/bin/../lib/gcc/arm-none-eabi/4.3.3/../../../../arm-none-eabi/lib/thumb2\libc.a(lib_a-malloc.o)
                              ../../../Source/portable/MemMang/heap_3.o (free)
c:/arquivos de programas/codesourcery/sourcery g++ lite/bin/../lib/gcc/arm-none-eabi/4.3.3/../../../../arm-none-eabi/lib/thumb2\libc.a(lib_a-mallocr.o)
                              c:/arquivos de programas/codesourcery/sourcery g++ lite/bin/../lib/gcc/arm-none-eabi/4.3.3/../../../../arm-none-eabi/lib/thumb2\libc.a(lib_a-malloc.o) (_malloc_r)
c:/arquivos de programas/codesourcery/sourcery g++ lite/bin/../lib/gcc/arm-none-eabi/4.3.3/../../../../arm-none-eabi/lib/thumb2\libc.a(lib_a-memcpy.o)
                              ../../Common/ethernet/LWIPStack.o (memcpy)
c:/arquivos de programas/codesourcery/sourcery g++ lite/bin/../lib/gcc/arm-none-eabi/4.3.3/../../../../arm-none-eabi/lib/thumb2\libc.a(lib_a-memset.o)
                              ../../../Source/tasks.o (memset)
c:/arquivos de programas/codesourcery/sourcery g++ lite/bin/../lib/gcc/arm-none-eabi/4.3.3/../../../../arm-none-eabi/lib/thumb2\libc.a(lib_a-mlock.o)
                              c:/arquivos de programas/codesourcery/sourcery g++ lite/bin/../lib/gcc/arm-none-eabi/4.3.3/../../../../arm-none-eabi/lib/thumb2\libc.a(lib_a-mallocr.o) (__malloc_lock)
c:/arquivos de programas/codesourcery/sourcery g++ lite/bin/../lib/gcc/arm-none-eabi/4.3.3/../../../../arm-none-eabi/lib/thumb2\libc.a(lib_a-sbrkr.o)
                              c:/arquivos de programas/codesourcery/sourcery g++ lite/bin/../lib/gcc/arm-none-eabi/4.3.3/../../../../arm-none-eabi/lib/thumb2\libc.a(lib_a-mallocr.o) (_sbrk_r)
c:/arquivos de programas/codesourcery/sourcery g++ lite/bin/../lib/gcc/arm-none-eabi/4.3.3/../../../../arm-none-eabi/lib/thumb2\libc.a(lib_a-strcmp.o)
                              ../../Common/ethernet/lwip-1.3.0/Apps/fs.o (strcmp)
c:/arquivos de programas/codesourcery/sourcery g++ lite/bin/../lib/gcc/arm-none-eabi/4.3.3/../../../../arm-none-eabi/lib/thumb2\libc.a(lib_a-strlen.o)
                              ../../Common/ethernet/lwip-1.3.0/Apps/ustdlib.o (strlen)
c:/arquivos de programas/codesourcery/sourcery g++ lite/bin/../lib/gcc/arm-none-eabi/4.3.3/../../../../arm-none-eabi/lib/thumb2\libc.a(lib_a-strncmp.o)
                              ../../Common/ethernet/lwip-1.3.0/Apps/ustdlib.o (strncmp)
c:/arquivos de programas/codesourcery/sourcery g++ lite/bin/../lib/gcc/arm-none-eabi/4.3.3/../../../../arm-none-eabi/lib/thumb2\libc.a(lib_a-strncpy.o)
                              ../../../Source/tasks.o (strncpy)
c:/arquivos de programas/codesourcery/sourcery g++ lite/bin/../lib/gcc/arm-none-eabi/4.3.3/../../../../arm-none-eabi/lib/thumb2\libc.a(lib_a-freer.o)
                              c:/arquivos de programas/codesourcery/sourcery g++ lite/bin/../lib/gcc/arm-none-eabi/4.3.3/../../../../arm-none-eabi/lib/thumb2\libc.a(lib_a-malloc.o) (_free_r)
c:/arquivos de programas/codesourcery/sourcery g++ lite/bin/../lib/gcc/arm-none-eabi/4.3.3/../../../../arm-none-eabi/lib/thumb2\libc.a(lib_a-impure.o)
                              c:/arquivos de programas/codesourcery/sourcery g++ lite/bin/../lib/gcc/arm-none-eabi/4.3.3/../../../../arm-none-eabi/lib/thumb2\libc.a(lib_a-malloc.o) (_impure_ptr)
c:/arquivos de programas/codesourcery/sourcery g++ lite/bin/../lib/gcc/arm-none-eabi/4.3.3/../../../../arm-none-eabi/lib/thumb2\libc.a(lib_a-reent.o)
[...]
Memory Configuration

Name             Origin             Length             Attributes
FLASH            0x00000000         0x00040000         xr
SRAM             0x20000000         0x00010000         xrw
*default*        0x00000000         0xffffffff

Linker script and memory map

LOAD main.o
LOAD uart0.o
LOAD uart1.o
LOAD rit128x96x4.o
LOAD ../../Common/ethernet/ETHIsr.o
LOAD ../../Common/ethernet/LWIPStack.o
LOAD ../../../Source/list.o
LOAD ../../../Source/queue.o
LOAD ../../../Source/tasks.o
LOAD ../../../Source/portable/GCC/ARM_CM3/port.o
LOAD ../../../Source/portable/MemMang/heap_3.o
LOAD ../../Common/ethernet/lwip-1.3.0/contrib/port/FreeRTOS/sys_arch.o
LOAD ../../Common/ethernet/lwip-1.3.0/src/api/api_lib.o
LOAD ../../Common/ethernet/lwip-1.3.0/src/api/api_msg.o
LOAD ../../Common/ethernet/lwip-1.3.0/src/api/tcpip.o
LOAD ../../Common/ethernet/lwip-1.3.0/src/api/err.o
LOAD ../../Common/ethernet/lwip-1.3.0/src/api/sockets.o
LOAD ../../Common/ethernet/lwip-1.3.0/src/api/netbuf.o
LOAD ../../Common/ethernet/lwip-1.3.0/src/api/netdb.o
LOAD ../../Common/ethernet/lwip-1.3.0/src/api/netifapi.o
LOAD ../../Common/ethernet/lwip-1.3.0/src/core/dhcp.o
LOAD ../../Common/ethernet/lwip-1.3.0/src/core/dns.o
LOAD ../../Common/ethernet/lwip-1.3.0/src/core/init.o
LOAD ../../Common/ethernet/lwip-1.3.0/src/core/mem.o
LOAD ../../Common/ethernet/lwip-1.3.0/src/core/memp.o
LOAD ../../Common/ethernet/lwip-1.3.0/src/core/netif.o
LOAD ../../Common/ethernet/lwip-1.3.0/src/core/pbuf.o
LOAD ../../Common/ethernet/lwip-1.3.0/src/core/raw.o
LOAD ../../Common/ethernet/lwip-1.3.0/src/core/stats.o
LOAD ../../Common/ethernet/lwip-1.3.0/src/core/sys.o
LOAD ../../Common/ethernet/lwip-1.3.0/src/core/tcp.o
LOAD ../../Common/ethernet/lwip-1.3.0/src/core/tcp_in.o
LOAD ../../Common/ethernet/lwip-1.3.0/src/core/tcp_out.o
LOAD ../../Common/ethernet/lwip-1.3.0/src/core/udp.o
LOAD ../../Common/ethernet/lwip-1.3.0/src/core/ipv4/autoip.o
LOAD ../../Common/ethernet/lwip-1.3.0/src/core/ipv4/icmp.o
LOAD ../../Common/ethernet/lwip-1.3.0/src/core/ipv4/igmp.o
LOAD ../../Common/ethernet/lwip-1.3.0/src/core/ipv4/inet.o
LOAD ../../Common/ethernet/lwip-1.3.0/src/core/ipv4/inet_chksum.o
LOAD ../../Common/ethernet/lwip-1.3.0/src/core/ipv4/ip_addr.o
LOAD ../../Common/ethernet/lwip-1.3.0/src/core/ipv4/ip.o
LOAD ../../Common/ethernet/lwip-1.3.0/src/core/ipv4/ip_frag.o
LOAD ../../Common/ethernet/lwip-1.3.0/src/netif/etharp.o
LOAD ../../Common/ethernet/lwip-1.3.0/src/netif/loopif.o
LOAD ../../Common/ethernet/lwip-1.3.0/src/netif/ppp/auth.o
LOAD ../../Common/ethernet/lwip-1.3.0/src/netif/ppp/chap.o
LOAD ../../Common/ethernet/lwip-1.3.0/src/netif/ppp/chpms.o
LOAD ../../Common/ethernet/lwip-1.3.0/src/netif/ppp/fsm.o
LOAD ../../Common/ethernet/lwip-1.3.0/src/netif/ppp/ipcp.o
LOAD ../../Common/ethernet/lwip-1.3.0/src/netif/ppp/lcp.o
LOAD ../../Common/ethernet/lwip-1.3.0/src/netif/ppp/magic.o
LOAD ../../Common/ethernet/lwip-1.3.0/src/netif/ppp/md5.o
LOAD ../../Common/ethernet/lwip-1.3.0/src/netif/ppp/pap.o
LOAD ../../Common/ethernet/lwip-1.3.0/src/netif/ppp/ppp.o
LOAD ../../Common/ethernet/lwip-1.3.0/src/netif/ppp/randm.o
LOAD ../../Common/ethernet/lwip-1.3.0/src/netif/ppp/vj.o
LOAD ../../Common/ethernet/lwip-1.3.0/src/netif/sio.o
LOAD ../../Common/ethernet/lwip-1.3.0/Apps/fs.o
LOAD ../../Common/ethernet/lwip-1.3.0/Apps/ustdlib.o
LOAD ../../Common/ethernet/lwip-1.3.0/Apps/httpd.o
LOAD startup.o
LOAD ../../Common/drivers/LuminaryMicro/arm-none-eabi-gcc/libdriver.a
START GROUP
LOAD c:/arquivos de programas/codesourcery/sourcery g++ lite/bin/../lib/gcc/arm-none-eabi/4.3.3/thumb2\libgcc.a
LOAD c:/arquivos de programas/codesourcery/sourcery g++ lite/bin/../lib/gcc/arm-none-eabi/4.3.3/../../../../arm-none-eabi/lib/thumb2\libc.a
END GROUP

.text           0x00000000    0x146b4
 *(.isr_vector)
 .isr_vector    0x00000000       0xf0 startup.o
                0x00000000                g_pfnVectors
 *(.text*)
 .text          0x000000f0        0x0 main.o
 .text._sbrk    0x000000f0       0x20 main.o
                0x000000f0                _sbrk
 .text.vApplicationIdleHook
                0x00000110        0x4 main.o
                0x00000110                vApplicationIdleHook
 .text.vApplicationTickHook
                0x00000114        0x4 main.o
                0x00000114                vApplicationTickHook
 .text.uart1Thread
                0x00000118       0x50 main.o
                0x00000118                uart1Thread
 .text.lcd      0x00000168       0x34 main.o
                0x00000168                lcd
 .text.ethernetThread
                0x0000019c       0x50 main.o
                0x0000019c                ethernetThread
 .text.prvSetupHardware
                0x000001ec       0x24 main.o
                0x000001ec                prvSetupHardware
 .text.main     0x00000210       0xa8 main.o
                0x00000210                main
 .text.uart0Thread
                0x000002b8       0x50 main.o
                0x000002b8                uart0Thread
 .text          0x00000308        0x0 uart0.o
 .text.IsBuffer0Full
                0x00000308       0x18 uart0.o
 .text.IsBuffer0Empty
                0x00000320       0x10 uart0.o
 .text.GetBuffer0Count
                0x00000330       0x14 uart0.o
 .text.UART0gets
                0x00000344       0x54 uart0.o
                0x00000344                UART0gets
 .text.UART0getc
                0x00000398       0x30 uart0.o
                0x00000398                UART0getc
 .text.UART0RxBytesAvail
                0x000003c8       0x18 uart0.o
                0x000003c8                UART0RxBytesAvail
 .text.UART0TxBytesFree
                0x000003e0       0x1c uart0.o
                0x000003e0                UART0TxBytesFree
 .text.UART0Peek
                0x000003fc       0x40 uart0.o
                0x000003fc                UART0Peek
 .text.UART0EchoSet
                0x0000043c       0x14 uart0.o
                0x0000043c                UART0EchoSet
 .text.UART0PrimeTransmit
                0x00000450       0x70 uart0.o
 .text.UART0write
                0x000004c0       0x8c uart0.o
                0x000004c0                UART0write
 .text.UART0StdioIntHandler
                0x0000054c      0x118 uart0.o
                0x0000054c                UART0StdioIntHandler
 .text.UART0FlushTx
                0x00000664       0x30 uart0.o
                0x00000664                UART0FlushTx
 .text.UART0FlushRx
                0x00000694       0x20 uart0.o
                0x00000694                UART0FlushRx
 .text.UART0printf
                0x000006b4      0x1c4 uart0.o
                0x000006b4                UART0printf
 .text.UART0StdioInit
                0x00000878       0xa8 uart0.o
                0x00000878                UART0StdioInit
 .text          0x00000920        0x0 uart1.o
 .text.IsBuffer1Full
                0x00000920       0x18 uart1.o
 .text.IsBuffer1Empty
                0x00000938       0x10 uart1.o
 .text.GetBuffer1Count
                0x00000948       0x14 uart1.o
 .text.UART1gets
                0x0000095c       0x54 uart1.o
                0x0000095c                UART1gets
 .text.UART1getc
                0x000009b0       0x30 uart1.o
                0x000009b0                UART1getc
 .text.UART1RxBytesAvail
                0x000009e0       0x18 uart1.o
                0x000009e0                UART1RxBytesAvail
 .text.UART1TxBytesFree
                0x000009f8       0x1c uart1.o
                0x000009f8                UART1TxBytesFree
 .text.UART1Peek
                0x00000a14       0x40 uart1.o
                0x00000a14                UART1Peek
 .text.UART1EchoSet
                0x00000a54       0x14 uart1.o
                0x00000a54                UART1EchoSet
 .text.UART1PrimeTransmit
                0x00000a68       0x70 uart1.o
 .text.UART1write
                0x00000ad8       0x8c uart1.o
                0x00000ad8                UART1write
 .text.UART1StdioIntHandler
                0x00000b64      0x118 uart1.o
                0x00000b64                UART1StdioIntHandler
 .text.UART1FlushTx
                0x00000c7c       0x30 uart1.o
                0x00000c7c                UART1FlushTx
 .text.UART1FlushRx
                0x00000cac       0x20 uart1.o
                0x00000cac                UART1FlushRx
 .text.UART1printf
                0x00000ccc      0x1c4 uart1.o
                0x00000ccc                UART1printf
 .text.UART1StdioInit
                0x00000e90       0xa8 uart1.o
                0x00000e90                UART1StdioInit
 .text          0x00000f38        0x0 rit128x96x4.o
 .text.RITWriteCommand
                0x00000f38       0x40 rit128x96x4.o
 .text.RIT128x96x4DisplayOff
                0x00000f78       0x10 rit128x96x4.o
                0x00000f78                RIT128x96x4DisplayOff
 .text.RIT128x96x4DisplayOn
                0x00000f88       0x20 rit128x96x4.o
                0x00000f88                RIT128x96x4DisplayOn
 .text.RITWriteData
                0x00000fa8       0x40 rit128x96x4.o
 .text.RIT128x96x4ImageDraw
                0x00000fe8       0x64 rit128x96x4.o
                0x00000fe8                RIT128x96x4ImageDraw
 .text.RIT128x96x4StringDraw
                0x0000104c       0xd8 rit128x96x4.o
                0x0000104c                RIT128x96x4StringDraw
 .text.RIT128x96x4Clear
                0x00001124       0x50 rit128x96x4.o
                0x00001124                RIT128x96x4Clear
 .text.RIT128x96x4Disable
                0x00001174       0x48 rit128x96x4.o
                0x00001174                RIT128x96x4Disable
 .text.RIT128x96x4Enable
                0x000011bc       0x5c rit128x96x4.o
                0x000011bc                RIT128x96x4Enable
 .text.RIT128x96x4Init
                0x00001218       0x84 rit128x96x4.o
                0x00001218                RIT128x96x4Init
 .text          0x0000129c        0x0 ../../Common/ethernet/ETHIsr.o
 .text.ETHServiceTaskLastError
                0x0000129c       0x64 ../../Common/ethernet/ETHIsr.o
                0x0000129c                ETHServiceTaskLastError
 .text.ETHServiceTaskLinkStatus
                0x00001300       0x64 ../../Common/ethernet/ETHIsr.o
                0x00001300                ETHServiceTaskLinkStatus
 .text.ETHServiceTaskPacketAvail
                0x00001364       0x48 ../../Common/ethernet/ETHIsr.o
                0x00001364                ETHServiceTaskPacketAvail
 .text.ETHServiceTaskEnableReceive
                0x000013ac       0x4c ../../Common/ethernet/ETHIsr.o
                0x000013ac                ETHServiceTaskEnableReceive
 .text.ETHServiceTaskMACAddress
                0x000013f8       0x48 ../../Common/ethernet/ETHIsr.o
                0x000013f8                ETHServiceTaskMACAddress
 .text.ETHServiceTaskDisable
                0x00001440       0x4c ../../Common/ethernet/ETHIsr.o
                0x00001440                ETHServiceTaskDisable
 .text.ETHServiceTaskWaitReady
                0x0000148c       0x78 ../../Common/ethernet/ETHIsr.o
                0x0000148c                ETHServiceTaskWaitReady
 .text.ETHServiceTaskEnable
                0x00001504       0xd4 ../../Common/ethernet/ETHIsr.o
                0x00001504                ETHServiceTaskEnable
 .text.ETHServiceTaskFlush
                0x000015d8      0x100 ../../Common/ethernet/ETHIsr.o
                0x000015d8                ETHServiceTaskFlush
 .text.ETHServiceTaskInit
                0x000016d8       0xc4 ../../Common/ethernet/ETHIsr.o
                0x000016d8                ETHServiceTaskInit
 .text.ETH0IntHandler
                0x0000179c      0x174 ../../Common/ethernet/ETHIsr.o
                0x0000179c                ETH0IntHandler
 .text          0x00001910        0x0 ../../Common/ethernet/LWIPStack.o
 .text.stellarisif_debug_print
                0x00001910       0x68 ../../Common/ethernet/LWIPStack.o
                0x00001910                stellarisif_debug_print
 .text.LWIPServiceTaskMACGet
                0x00001978       0x1c ../../Common/ethernet/LWIPStack.o
                0x00001978                LWIPServiceTaskMACGet
 .text.LWIPServiceTaskIPConfigGet
                0x00001994       0x38 ../../Common/ethernet/LWIPStack.o
                0x00001994                LWIPServiceTaskIPConfigGet
 .text.lwIPNetworkConfigChange
                0x000019cc       0xb8 ../../Common/ethernet/LWIPStack.o
                0x000019cc                lwIPNetworkConfigChange
 .text.LWIPServiceTaskInit
                0x00001a84       0xe0 ../../Common/ethernet/LWIPStack.o
                0x00001a84                LWIPServiceTaskInit
 .text.ethernetif_init
                0x00001b64       0xe8 ../../Common/ethernet/LWIPStack.o
                0x00001b64                ethernetif_init
 .text.ethernetif_input
                0x00001c4c       0xe4 ../../Common/ethernet/LWIPStack.o
 .text.low_level_transmit
                0x00001d30      0x110 ../../Common/ethernet/LWIPStack.o
 .text.low_level_output
                0x00001e40       0x90 ../../Common/ethernet/LWIPStack.o
 .text          0x00001ed0        0x0 ../../../Source/list.o
 .text.vListInitialise
                0x00001ed0       0x18 ../../../Source/list.o
                0x00001ed0                vListInitialise
 .text.vListInitialiseItem
                0x00001ee8        0x8 ../../../Source/list.o
                0x00001ee8                vListInitialiseItem
 .text.vListInsertEnd
                0x00001ef0       0x1c ../../../Source/list.o
                0x00001ef0                vListInsertEnd
 .text.vListInsert
                0x00001f0c       0x34 ../../../Source/list.o
                0x00001f0c                vListInsert
 .text.vListRemove
                0x00001f40       0x20 ../../../Source/list.o
                0x00001f40                vListRemove
 .text          0x00001f60        0x0 ../../../Source/queue.o
 .text.uxQueueMessagesWaitingFromISR
                0x00001f60        0x4 ../../../Source/queue.o
                0x00001f60                uxQueueMessagesWaitingFromISR
 .text.xQueueIsQueueEmptyFromISR
                0x00001f64        0xc ../../../Source/queue.o
                0x00001f64                xQueueIsQueueEmptyFromISR
 .text.xQueueIsQueueFullFromISR
                0x00001f70       0x10 ../../../Source/queue.o
                0x00001f70                xQueueIsQueueFullFromISR
 .text.vQueueAddToRegistry
                0x00001f80       0x28 ../../../Source/queue.o
                0x00001f80                vQueueAddToRegistry
 .text.vQueueDelete
                0x00001fa8       0x34 ../../../Source/queue.o
                0x00001fa8                vQueueDelete
 .text.uxQueueMessagesWaiting
                0x00001fdc       0x14 ../../../Source/queue.o
                0x00001fdc                uxQueueMessagesWaiting
 .text.prvCopyDataFromQueue
                0x00001ff0       0x24 ../../../Source/queue.o
 .text.xQueueReceiveFromISR
                0x00002014       0x50 ../../../Source/queue.o
                0x00002014                xQueueReceiveFromISR
 .text.prvUnlockQueue
                0x00002064       0x68 ../../../Source/queue.o
 .text.xQueueGenericReceive
                0x000020cc      0x114 ../../../Source/queue.o
                0x000020cc                xQueueGenericReceive
 .text.xQueueTakeMutexRecursive
                0x000021e0       0x34 ../../../Source/queue.o
                0x000021e0                xQueueTakeMutexRecursive
 .text.prvCopyDataToQueue
                0x00002214       0x58 ../../../Source/queue.o
 .text.xQueueGenericSendFromISR
                0x0000226c       0x54 ../../../Source/queue.o
                0x0000226c                xQueueGenericSendFromISR
 .text.xQueueGenericSend
                0x000022c0       0xe0 ../../../Source/queue.o
                0x000022c0                xQueueGenericSend
 .text.xQueueGiveMutexRecursive
                0x000023a0       0x28 ../../../Source/queue.o
                0x000023a0                xQueueGiveMutexRecursive
 .text.xQueueCreateMutex
                0x000023c8       0x48 ../../../Source/queue.o
                0x000023c8                xQueueCreateMutex
 .text.xQueueCreate
                0x00002410       0x68 ../../../Source/queue.o
                0x00002410                xQueueCreate
 .text.xQueueCreateCountingSemaphore
                0x00002478       0x14 ../../../Source/queue.o
                0x00002478                xQueueCreateCountingSemaphore
 .text          0x0000248c        0x0 ../../../Source/tasks.o
 .text.xTaskIsTaskSuspended
                0x0000248c       0x28 ../../../Source/tasks.o
                0x0000248c                xTaskIsTaskSuspended
 .text.vTaskSwitchContext
                0x000024b4       0x58 ../../../Source/tasks.o
                0x000024b4                vTaskSwitchContext
 .text.vTaskSetTimeOutState
                0x0000250c       0x18 ../../../Source/tasks.o
                0x0000250c                vTaskSetTimeOutState
 .text.vTaskMissedYield
                0x00002524        0xc ../../../Source/tasks.o
                0x00002524                vTaskMissedYield
 .text.usTaskCheckFreeStackSpace
                0x00002530       0x14 ../../../Source/tasks.o
                0x00002530                usTaskCheckFreeStackSpace
 .text.uxTaskGetStackHighWaterMark
                0x00002544       0x14 ../../../Source/tasks.o
                0x00002544                uxTaskGetStackHighWaterMark
 .text.vTaskPriorityDisinherit
                0x00002558       0x44 ../../../Source/tasks.o
                0x00002558                vTaskPriorityDisinherit
 .text.vTaskPriorityInherit
                0x0000259c       0x64 ../../../Source/tasks.o
                0x0000259c                vTaskPriorityInherit
 .text.xTaskRemoveFromEventList
                0x00002600       0x6c ../../../Source/tasks.o
                0x00002600                xTaskRemoveFromEventList
 .text.vTaskIncrementTick
                0x0000266c       0xa4 ../../../Source/tasks.o
                0x0000266c                vTaskIncrementTick
 .text.xTaskResumeFromISR
                0x00002710       0x70 ../../../Source/tasks.o
                0x00002710                xTaskResumeFromISR
 .text.xTaskGetCurrentTaskHandle
                0x00002780       0x18 ../../../Source/tasks.o
                0x00002780                xTaskGetCurrentTaskHandle
 .text.xTaskCheckForTimeOut
                0x00002798       0x58 ../../../Source/tasks.o
                0x00002798                xTaskCheckForTimeOut
 .text.uxTaskGetNumberOfTasks
                0x000027f0       0x18 ../../../Source/tasks.o
                0x000027f0                uxTaskGetNumberOfTasks
 .text.xTaskGetTickCount
                0x00002808       0x18 ../../../Source/tasks.o
                0x00002808                xTaskGetTickCount
 .text.vTaskSuspendAll
                0x00002820       0x18 ../../../Source/tasks.o
                0x00002820                vTaskSuspendAll
 .text.uxTaskPriorityGet
                0x00002838       0x20 ../../../Source/tasks.o
                0x00002838                uxTaskPriorityGet
 .text.vTaskPlaceOnEventList
                0x00002858       0x5c ../../../Source/tasks.o
                0x00002858                vTaskPlaceOnEventList
 .text.xTaskResumeAll
                0x000028b4       0xc8 ../../../Source/tasks.o
                0x000028b4                xTaskResumeAll
 .text.vTaskResume
                0x0000297c       0x60 ../../../Source/tasks.o
                0x0000297c                vTaskResume
 .text.vTaskSuspend
                0x000029dc       0x50 ../../../Source/tasks.o
                0x000029dc                vTaskSuspend
 .text.vTaskPrioritySet
                0x00002a2c       0x9c ../../../Source/tasks.o
                0x00002a2c                vTaskPrioritySet
 .text.vTaskDelay
                0x00002ac8       0x50 ../../../Source/tasks.o
                0x00002ac8                vTaskDelay
 .text.vTaskDelayUntil
                0x00002b18       0x74 ../../../Source/tasks.o
                0x00002b18                vTaskDelayUntil
 .text.vTaskDelete
                0x00002b8c       0x64 ../../../Source/tasks.o
                0x00002b8c                vTaskDelete
 .text.vTaskEndScheduler
                0x00002bf0       0x1c ../../../Source/tasks.o
                0x00002bf0                vTaskEndScheduler
 .text.prvIdleTask
                0x00002c0c       0x60 ../../../Source/tasks.o
 .text.xTaskCreate
                0x00002c6c      0x17c ../../../Source/tasks.o
                0x00002c6c                xTaskCreate
 .text.vTaskStartScheduler
                0x00002de8       0x40 ../../../Source/tasks.o
                0x00002de8                vTaskStartScheduler
 .text          0x00002e28        0x0 ../../../Source/portable/GCC/ARM_CM3/port.o
 .text.pxPortInitialiseStack
                0x00002e28       0x20 ../../../Source/portable/GCC/ARM_CM3/port.o
                0x00002e28                pxPortInitialiseStack
 .text.vPortSVCHandler
                0x00002e48       0x20 ../../../Source/portable/GCC/ARM_CM3/port.o
                0x00002e48                vPortSVCHandler
 .text.vPortStartFirstTask
                0x00002e68       0x10 ../../../Source/portable/GCC/ARM_CM3/port.o
                0x00002e68                vPortStartFirstTask
 .text.vPortEndScheduler
                0x00002e78        0x4 ../../../Source/portable/GCC/ARM_CM3/port.o
                0x00002e78                vPortEndScheduler
 .text.vPortYieldFromISR
                0x00002e7c       0x10 ../../../Source/portable/GCC/ARM_CM3/port.o
                0x00002e7c                vPortYieldFromISR
 .text.vPortEnterCritical
                0x00002e8c       0x18 ../../../Source/portable/GCC/ARM_CM3/port.o
                0x00002e8c                vPortEnterCritical
 .text.vPortExitCritical
                0x00002ea4       0x18 ../../../Source/portable/GCC/ARM_CM3/port.o
                0x00002ea4                vPortExitCritical
 .text.xPortPendSVHandler
                0x00002ebc       0x3c ../../../Source/portable/GCC/ARM_CM3/port.o
                0x00002ebc                xPortPendSVHandler
 .text.xPortStartScheduler
                0x00002ef8       0x3c ../../../Source/portable/GCC/ARM_CM3/port.o
                0x00002ef8                xPortStartScheduler
 .text.xPortSysTickHandler
                0x00002f34       0x24 ../../../Source/portable/GCC/ARM_CM3/port.o
                0x00002f34                xPortSysTickHandler
 .text          0x00002f58        0x0 ../../../Source/portable/MemMang/heap_3.o
 .text.vPortFree
                0x00002f58       0x18 ../../../Source/portable/MemMang/heap_3.o
                0x00002f58                vPortFree
 .text.pvPortMalloc
                0x00002f70       0x18 ../../../Source/portable/MemMang/heap_3.o
                0x00002f70                pvPortMalloc
 .text          0x00002f88        0x0 ../../Common/ethernet/lwip-1.3.0/contrib/port/FreeRTOS/sys_arch.o
 .text.sys_init
                0x00002f88       0x20 ../../Common/ethernet/lwip-1.3.0/contrib/port/FreeRTOS/sys_arch.o
                0x00002f88                sys_init
 .text.sys_assert
                0x00002fa8        0x8 ../../Common/ethernet/lwip-1.3.0/contrib/port/FreeRTOS/sys_arch.o
                0x00002fa8                sys_assert
 .text.sys_arch_protect
                0x00002fb0        0xc ../../Common/ethernet/lwip-1.3.0/contrib/port/FreeRTOS/sys_arch.o
                0x00002fb0                sys_arch_protect
 .text.sys_arch_unprotect
                0x00002fbc        0x8 ../../Common/ethernet/lwip-1.3.0/contrib/port/FreeRTOS/sys_arch.o
                0x00002fbc                sys_arch_unprotect
 .text.sys_thread_new
                0x00002fc4       0x4c ../../Common/ethernet/lwip-1.3.0/contrib/port/FreeRTOS/sys_arch.o
                0x00002fc4                sys_thread_new
 .text.sys_arch_timeouts
                0x00003010       0x30 ../../Common/ethernet/lwip-1.3.0/contrib/port/FreeRTOS/sys_arch.o
                0x00003010                sys_arch_timeouts
 .text.sys_sem_free
                0x00003040       0x18 ../../Common/ethernet/lwip-1.3.0/contrib/port/FreeRTOS/sys_arch.o
                0x00003040                sys_sem_free
 .text.sys_sem_signal
                0x00003058       0x10 ../../Common/ethernet/lwip-1.3.0/contrib/port/FreeRTOS/sys_arch.o
                0x00003058                sys_sem_signal
 .text.sys_mbox_trypost
                0x00003068       0x30 ../../Common/ethernet/lwip-1.3.0/contrib/port/FreeRTOS/sys_arch.o
                0x00003068                sys_mbox_trypost
 .text.sys_mbox_post
                0x00003098       0x1c ../../Common/ethernet/lwip-1.3.0/contrib/port/FreeRTOS/sys_arch.o
                0x00003098                sys_mbox_post
 .text.sys_arch_sem_wait
                0x000030b4       0x40 ../../Common/ethernet/lwip-1.3.0/contrib/port/FreeRTOS/sys_arch.o
                0x000030b4                sys_arch_sem_wait
 .text.sys_arch_mbox_tryfetch
                0x000030f4       0x20 ../../Common/ethernet/lwip-1.3.0/contrib/port/FreeRTOS/sys_arch.o
                0x000030f4                sys_arch_mbox_tryfetch
 .text.sys_arch_mbox_fetch
                0x00003114       0x48 ../../Common/ethernet/lwip-1.3.0/contrib/port/FreeRTOS/sys_arch.o
                0x00003114                sys_arch_mbox_fetch
 .text.sys_sem_new
                0x0000315c       0x5c ../../Common/ethernet/lwip-1.3.0/contrib/port/FreeRTOS/sys_arch.o
                0x0000315c                sys_sem_new
 .text.sys_mbox_new
                0x000031b8       0x2c ../../Common/ethernet/lwip-1.3.0/contrib/port/FreeRTOS/sys_arch.o
                0x000031b8                sys_mbox_new
 .text.sys_mbox_free
                0x000031e4       0x30 ../../Common/ethernet/lwip-1.3.0/contrib/port/FreeRTOS/sys_arch.o
                0x000031e4                sys_mbox_free
 .text          0x00003214        0x0 ../../Common/ethernet/lwip-1.3.0/src/api/api_lib.o
 .text.netconn_type
                0x00003214        0x8 ../../Common/ethernet/lwip-1.3.0/src/api/api_lib.o
                0x00003214                netconn_type
 .text.netconn_close
                0x0000321c       0x24 ../../Common/ethernet/lwip-1.3.0/src/api/api_lib.o
                0x0000321c                netconn_close
 .text.netconn_write
                0x00003240       0x38 ../../Common/ethernet/lwip-1.3.0/src/api/api_lib.o
                0x00003240                netconn_write
 .text.netconn_listen_with_backlog
                0x00003278       0x24 ../../Common/ethernet/lwip-1.3.0/src/api/api_lib.o
                0x00003278                netconn_listen_with_backlog
 .text.netconn_disconnect
                0x0000329c       0x24 ../../Common/ethernet/lwip-1.3.0/src/api/api_lib.o
                0x0000329c                netconn_disconnect
 .text.netconn_connect
                0x000032c0       0x2c ../../Common/ethernet/lwip-1.3.0/src/api/api_lib.o
                0x000032c0                netconn_connect
 .text.netconn_bind
                0x000032ec       0x2c ../../Common/ethernet/lwip-1.3.0/src/api/api_lib.o
                0x000032ec                netconn_bind
 .text.netconn_getaddr
                0x00003318       0x34 ../../Common/ethernet/lwip-1.3.0/src/api/api_lib.o
                0x00003318                netconn_getaddr
 .text.netconn_send
                0x0000334c       0x38 ../../Common/ethernet/lwip-1.3.0/src/api/api_lib.o
                0x0000334c                netconn_send
 .text.netconn_sendto
                0x00003384       0x1c ../../Common/ethernet/lwip-1.3.0/src/api/api_lib.o
                0x00003384                netconn_sendto
 .text.netconn_accept
                0x000033a0       0x28 ../../Common/ethernet/lwip-1.3.0/src/api/api_lib.o
                0x000033a0                netconn_accept
 .text.netconn_recv
                0x000033c8      0x104 ../../Common/ethernet/lwip-1.3.0/src/api/api_lib.o
                0x000033c8                netconn_recv
 .text.netconn_delete
                0x000034cc       0x28 ../../Common/ethernet/lwip-1.3.0/src/api/api_lib.o
                0x000034cc                netconn_delete
 .text.netconn_new_with_proto_and_callback
                0x000034f4       0x48 ../../Common/ethernet/lwip-1.3.0/src/api/api_lib.o
                0x000034f4                netconn_new_with_proto_and_callback
 .text          0x0000353c        0x0 ../../Common/ethernet/lwip-1.3.0/src/api/api_msg.o
 .text.do_getaddr
                0x0000353c       0x84 ../../Common/ethernet/lwip-1.3.0/src/api/api_msg.o
                0x0000353c                do_getaddr
 .text.do_close_internal
                0x000035c0       0x7c ../../Common/ethernet/lwip-1.3.0/src/api/api_msg.o
 .text.do_close
                0x0000363c       0x2c ../../Common/ethernet/lwip-1.3.0/src/api/api_msg.o
                0x0000363c                do_close
 .text.setup_tcp
                0x00003668       0x40 ../../Common/ethernet/lwip-1.3.0/src/api/api_msg.o
 .text.do_connected
                0x000036a8       0x28 ../../Common/ethernet/lwip-1.3.0/src/api/api_msg.o
 .text.do_writemore
                0x000036d0       0xb0 ../../Common/ethernet/lwip-1.3.0/src/api/api_msg.o
 .text.do_write
                0x00003780       0x3c ../../Common/ethernet/lwip-1.3.0/src/api/api_msg.o
                0x00003780                do_write
 .text.poll_tcp
                0x000037bc       0x1c ../../Common/ethernet/lwip-1.3.0/src/api/api_msg.o
 .text.sent_tcp
                0x000037d8       0x3c ../../Common/ethernet/lwip-1.3.0/src/api/api_msg.o
 .text.do_recv  0x00003814       0x2c ../../Common/ethernet/lwip-1.3.0/src/api/api_msg.o
                0x00003814                do_recv
 .text.do_send  0x00003840       0x5c ../../Common/ethernet/lwip-1.3.0/src/api/api_msg.o
                0x00003840                do_send
 .text.do_listen
                0x0000389c       0x8c ../../Common/ethernet/lwip-1.3.0/src/api/api_msg.o
                0x0000389c                do_listen
 .text.err_tcp  0x00003928       0x60 ../../Common/ethernet/lwip-1.3.0/src/api/api_msg.o
 .text.recv_tcp
                0x00003988       0x4c ../../Common/ethernet/lwip-1.3.0/src/api/api_msg.o
 .text.do_disconnect
                0x000039d4       0x20 ../../Common/ethernet/lwip-1.3.0/src/api/api_msg.o
                0x000039d4                do_disconnect
 .text.do_connect
                0x000039f4       0x60 ../../Common/ethernet/lwip-1.3.0/src/api/api_msg.o
                0x000039f4                do_connect
 .text.do_bind  0x00003a54       0x58 ../../Common/ethernet/lwip-1.3.0/src/api/api_msg.o
                0x00003a54                do_bind
 .text.do_delconn
                0x00003aac       0x60 ../../Common/ethernet/lwip-1.3.0/src/api/api_msg.o
                0x00003aac                do_delconn
 .text.netconn_free
                0x00003b0c       0x70 ../../Common/ethernet/lwip-1.3.0/src/api/api_msg.o
                0x00003b0c                netconn_free
 .text.recv_udp
                0x00003b7c       0x64 ../../Common/ethernet/lwip-1.3.0/src/api/api_msg.o
 .text.netconn_alloc
                0x00003be0       0x58 ../../Common/ethernet/lwip-1.3.0/src/api/api_msg.o
                0x00003be0                netconn_alloc
 .text.accept_function
                0x00003c38       0x5c ../../Common/ethernet/lwip-1.3.0/src/api/api_msg.o
 .text.do_newconn
                0x00003c94       0x94 ../../Common/ethernet/lwip-1.3.0/src/api/api_msg.o
                0x00003c94                do_newconn
 .text.recv_raw
                0x00003d28       0x8c ../../Common/ethernet/lwip-1.3.0/src/api/api_msg.o
 .text          0x00003db4        0x0 ../../Common/ethernet/lwip-1.3.0/src/api/tcpip.o
 .text.tcpip_init
                0x00003db4       0x44 ../../Common/ethernet/lwip-1.3.0/src/api/tcpip.o
                0x00003db4                tcpip_init
 .text.tcp_timer_needed
                0x00003df8       0x38 ../../Common/ethernet/lwip-1.3.0/src/api/tcpip.o
                0x00003df8                tcp_timer_needed
 .text.tcpip_thread
                0x00003e30       0xe8 ../../Common/ethernet/lwip-1.3.0/src/api/tcpip.o
 .text.dhcp_timer_fine
                0x00003f18       0x24 ../../Common/ethernet/lwip-1.3.0/src/api/tcpip.o
 .text.dhcp_timer_coarse
                0x00003f3c       0x24 ../../Common/ethernet/lwip-1.3.0/src/api/tcpip.o
 .text.arp_timer
                0x00003f60       0x24 ../../Common/ethernet/lwip-1.3.0/src/api/tcpip.o
 .text.tcpip_apimsg
                0x00003f84       0x34 ../../Common/ethernet/lwip-1.3.0/src/api/tcpip.o
                0x00003f84                tcpip_apimsg
 .text.tcpip_timeout
                0x00003fb8       0x40 ../../Common/ethernet/lwip-1.3.0/src/api/tcpip.o
                0x00003fb8                tcpip_timeout
 .text.tcpip_callback_with_block
                0x00003ff8       0x5c ../../Common/ethernet/lwip-1.3.0/src/api/tcpip.o
                0x00003ff8                tcpip_callback_with_block
 .text.tcpip_input
                0x00004054       0x48 ../../Common/ethernet/lwip-1.3.0/src/api/tcpip.o
                0x00004054                tcpip_input
 .text.tcpip_tcp_timer
                0x0000409c       0x34 ../../Common/ethernet/lwip-1.3.0/src/api/tcpip.o
 .text          0x000040d0        0x0 ../../Common/ethernet/lwip-1.3.0/src/api/err.o
 .text.lwip_strerr
                0x000040d0       0x10 ../../Common/ethernet/lwip-1.3.0/src/api/err.o
                0x000040d0                lwip_strerr
 .text          0x000040e0        0x0 ../../Common/ethernet/lwip-1.3.0/src/api/sockets.o
 .text          0x000040e0        0x0 ../../Common/ethernet/lwip-1.3.0/src/api/netbuf.o
 .text.netbuf_data
                0x000040e0       0x20 ../../Common/ethernet/lwip-1.3.0/src/api/netbuf.o
                0x000040e0                netbuf_data
 .text.netbuf_next
                0x00004100       0x1c ../../Common/ethernet/lwip-1.3.0/src/api/netbuf.o
                0x00004100                netbuf_next
 .text.netbuf_first
                0x0000411c        0x8 ../../Common/ethernet/lwip-1.3.0/src/api/netbuf.o
                0x0000411c                netbuf_first
 .text.netbuf_chain
                0x00004124       0x20 ../../Common/ethernet/lwip-1.3.0/src/api/netbuf.o
                0x00004124                netbuf_chain
 .text.netbuf_free
                0x00004144       0x18 ../../Common/ethernet/lwip-1.3.0/src/api/netbuf.o
                0x00004144                netbuf_free
 .text.netbuf_delete
                0x0000415c       0x20 ../../Common/ethernet/lwip-1.3.0/src/api/netbuf.o
                0x0000415c                netbuf_delete
 .text.netbuf_ref
                0x0000417c       0x38 ../../Common/ethernet/lwip-1.3.0/src/api/netbuf.o
                0x0000417c                netbuf_ref
 .text.netbuf_alloc
                0x000041b4       0x28 ../../Common/ethernet/lwip-1.3.0/src/api/netbuf.o
                0x000041b4                netbuf_alloc
 .text.netbuf_new
                0x000041dc       0x18 ../../Common/ethernet/lwip-1.3.0/src/api/netbuf.o
                0x000041dc                netbuf_new
 .text          0x000041f4        0x0 ../../Common/ethernet/lwip-1.3.0/src/api/netdb.o
 .text          0x000041f4        0x0 ../../Common/ethernet/lwip-1.3.0/src/api/netifapi.o
 .text          0x000041f4        0x0 ../../Common/ethernet/lwip-1.3.0/src/core/dhcp.o
 .text.dhcp_set_state
                0x000041f4       0x10 ../../Common/ethernet/lwip-1.3.0/src/core/dhcp.o
 .text.dhcp_option
                0x00004204       0x20 ../../Common/ethernet/lwip-1.3.0/src/core/dhcp.o
 .text.dhcp_option_byte
                0x00004224       0x10 ../../Common/ethernet/lwip-1.3.0/src/core/dhcp.o
 .text.dhcp_option_short
                0x00004234       0x20 ../../Common/ethernet/lwip-1.3.0/src/core/dhcp.o
 .text.dhcp_option_long
                0x00004254       0x40 ../../Common/ethernet/lwip-1.3.0/src/core/dhcp.o
 .text.dhcp_option_trailer
                0x00004294       0x34 ../../Common/ethernet/lwip-1.3.0/src/core/dhcp.o
 .text.dhcp_get_option_ptr
                0x000042c8       0xf0 ../../Common/ethernet/lwip-1.3.0/src/core/dhcp.o
 .text.dhcp_get_option_byte
                0x000043b8       0x14 ../../Common/ethernet/lwip-1.3.0/src/core/dhcp.o
 .text.dhcp_get_option_long
                0x000043cc       0x2c ../../Common/ethernet/lwip-1.3.0/src/core/dhcp.o
 .text.dhcp_delete_request
                0x000043f8       0x18 ../../Common/ethernet/lwip-1.3.0/src/core/dhcp.o
 .text.dhcp_free_reply
                0x00004410       0x2c ../../Common/ethernet/lwip-1.3.0/src/core/dhcp.o
 .text.dhcp_stop
                0x0000443c       0x3c ../../Common/ethernet/lwip-1.3.0/src/core/dhcp.o
                0x0000443c                dhcp_stop
 .text.dhcp_create_request
                0x00004478      0x140 ../../Common/ethernet/lwip-1.3.0/src/core/dhcp.o
 .text.dhcp_release
                0x000045b8       0xe8 ../../Common/ethernet/lwip-1.3.0/src/core/dhcp.o
                0x000045b8                dhcp_release
 .text.dhcp_renew
                0x000046a0       0xc8 ../../Common/ethernet/lwip-1.3.0/src/core/dhcp.o
                0x000046a0                dhcp_renew
 .text.dhcp_discover
                0x00004768      0x13c ../../Common/ethernet/lwip-1.3.0/src/core/dhcp.o
 .text.dhcp_rebind
                0x000048a4       0xcc ../../Common/ethernet/lwip-1.3.0/src/core/dhcp.o
 .text.dhcp_coarse_tmr
                0x00004970       0xa4 ../../Common/ethernet/lwip-1.3.0/src/core/dhcp.o
                0x00004970                dhcp_coarse_tmr
 .text.dhcp_arp_reply
                0x00004a14      0x128 ../../Common/ethernet/lwip-1.3.0/src/core/dhcp.o
                0x00004a14                dhcp_arp_reply
 .text.dhcp_select
                0x00004b3c      0x13c ../../Common/ethernet/lwip-1.3.0/src/core/dhcp.o
 .text.dhcp_inform
                0x00004c78      0x100 ../../Common/ethernet/lwip-1.3.0/src/core/dhcp.o
                0x00004c78                dhcp_inform
 .text.dhcp_start
                0x00004d78       0xe4 ../../Common/ethernet/lwip-1.3.0/src/core/dhcp.o
                0x00004d78                dhcp_start
 .text.dhcp_check
                0x00004e5c       0x5c ../../Common/ethernet/lwip-1.3.0/src/core/dhcp.o
 .text.dhcp_bind
                0x00004eb8      0x14c ../../Common/ethernet/lwip-1.3.0/src/core/dhcp.o
 .text.dhcp_recv
                0x00005004      0x460 ../../Common/ethernet/lwip-1.3.0/src/core/dhcp.o
 .text.dhcp_fine_tmr
                0x00005464       0xec ../../Common/ethernet/lwip-1.3.0/src/core/dhcp.o
                0x00005464                dhcp_fine_tmr
 .text          0x00005550        0x0 ../../Common/ethernet/lwip-1.3.0/src/core/dns.o
 .text          0x00005550        0x0 ../../Common/ethernet/lwip-1.3.0/src/core/init.o
 .text.lwip_init
                0x00005550       0x10 ../../Common/ethernet/lwip-1.3.0/src/core/init.o
                0x00005550                lwip_init
 .text          0x00005560        0x0 ../../Common/ethernet/lwip-1.3.0/src/core/mem.o
 .text.mem_malloc
                0x00005560      0x130 ../../Common/ethernet/lwip-1.3.0/src/core/mem.o
                0x00005560                mem_malloc
 .text.mem_calloc
                0x00005690       0x1c ../../Common/ethernet/lwip-1.3.0/src/core/mem.o
                0x00005690                mem_calloc
 .text.mem_realloc
                0x000056ac       0xf8 ../../Common/ethernet/lwip-1.3.0/src/core/mem.o
                0x000056ac                mem_realloc
 .text.mem_free
                0x000057a4       0xe8 ../../Common/ethernet/lwip-1.3.0/src/core/mem.o
                0x000057a4                mem_free
 .text.mem_init
                0x0000588c       0x54 ../../Common/ethernet/lwip-1.3.0/src/core/mem.o
                0x0000588c                mem_init
 .text          0x000058e0        0x0 ../../Common/ethernet/lwip-1.3.0/src/core/memp.o
 .text.memp_init
                0x000058e0       0x80 ../../Common/ethernet/lwip-1.3.0/src/core/memp.o
                0x000058e0                memp_init
 .text.memp_free
                0x00005960       0x64 ../../Common/ethernet/lwip-1.3.0/src/core/memp.o
                0x00005960                memp_free
 .text.memp_malloc
                0x000059c4       0x70 ../../Common/ethernet/lwip-1.3.0/src/core/memp.o
                0x000059c4                memp_malloc
 .text          0x00005a34        0x0 ../../Common/ethernet/lwip-1.3.0/src/core/netif.o
 .text.netif_set_up
                0x00005a34       0x14 ../../Common/ethernet/lwip-1.3.0/src/core/netif.o
                0x00005a34                netif_set_up
 .text.netif_set_down
                0x00005a48       0x14 ../../Common/ethernet/lwip-1.3.0/src/core/netif.o
                0x00005a48                netif_set_down
 .text.netif_is_up
                0x00005a5c        0xc ../../Common/ethernet/lwip-1.3.0/src/core/netif.o
                0x00005a5c                netif_is_up
 .text.netif_set_default
                0x00005a68       0x28 ../../Common/ethernet/lwip-1.3.0/src/core/netif.o
                0x00005a68                netif_set_default
 .text.netif_find
                0x00005a90       0x58 ../../Common/ethernet/lwip-1.3.0/src/core/netif.o
                0x00005a90                netif_find
 .text.netif_remove
                0x00005ae8       0x4c ../../Common/ethernet/lwip-1.3.0/src/core/netif.o
                0x00005ae8                netif_remove
 .text.netif_set_netmask
                0x00005b34       0x6c ../../Common/ethernet/lwip-1.3.0/src/core/netif.o
                0x00005b34                netif_set_netmask
 .text.netif_set_gw
                0x00005ba0       0x6c ../../Common/ethernet/lwip-1.3.0/src/core/netif.o
                0x00005ba0                netif_set_gw
 .text.netif_set_ipaddr
                0x00005c0c       0xec ../../Common/ethernet/lwip-1.3.0/src/core/netif.o
                0x00005c0c                netif_set_ipaddr
 .text.netif_set_addr
                0x00005cf8       0x20 ../../Common/ethernet/lwip-1.3.0/src/core/netif.o
                0x00005cf8                netif_set_addr
 .text.netif_add
                0x00005d18      0x238 ../../Common/ethernet/lwip-1.3.0/src/core/netif.o
                0x00005d18                netif_add
 .text          0x00005f50        0x0 ../../Common/ethernet/lwip-1.3.0/src/core/pbuf.o
 .text.pbuf_clen
                0x00005f50       0x14 ../../Common/ethernet/lwip-1.3.0/src/core/pbuf.o
                0x00005f50                pbuf_clen
 .text.pbuf_cat
                0x00005f64       0x20 ../../Common/ethernet/lwip-1.3.0/src/core/pbuf.o
                0x00005f64                pbuf_cat
 .text.pbuf_copy_partial
                0x00005f84       0x64 ../../Common/ethernet/lwip-1.3.0/src/core/pbuf.o
                0x00005f84                pbuf_copy_partial
 .text.pbuf_copy
                0x00005fe8       0xa8 ../../Common/ethernet/lwip-1.3.0/src/core/pbuf.o
                0x00005fe8                pbuf_copy
 .text.pbuf_header
                0x00006090       0x8c ../../Common/ethernet/lwip-1.3.0/src/core/pbuf.o
                0x00006090                pbuf_header
 .text.pbuf_ref
                0x0000611c       0x18 ../../Common/ethernet/lwip-1.3.0/src/core/pbuf.o
                0x0000611c                pbuf_ref
 .text.pbuf_chain
                0x00006134       0x20 ../../Common/ethernet/lwip-1.3.0/src/core/pbuf.o
                0x00006134                pbuf_chain
 .text.pbuf_free
                0x00006154       0x84 ../../Common/ethernet/lwip-1.3.0/src/core/pbuf.o
                0x00006154                pbuf_free
 .text.pbuf_dechain
                0x000061d8       0x3c ../../Common/ethernet/lwip-1.3.0/src/core/pbuf.o
                0x000061d8                pbuf_dechain
 .text.pbuf_realloc
                0x00006214       0x50 ../../Common/ethernet/lwip-1.3.0/src/core/pbuf.o
                0x00006214                pbuf_realloc
 .text.pbuf_alloc
                0x00006264      0x160 ../../Common/ethernet/lwip-1.3.0/src/core/pbuf.o
                0x00006264                pbuf_alloc
 .text          0x000063c4        0x0 ../../Common/ethernet/lwip-1.3.0/src/core/raw.o
 .text.raw_bind
                0x000063c4       0x24 ../../Common/ethernet/lwip-1.3.0/src/core/raw.o
                0x000063c4                raw_bind
 .text.raw_connect
                0x000063e8       0x24 ../../Common/ethernet/lwip-1.3.0/src/core/raw.o
                0x000063e8                raw_connect
 .text.raw_recv
                0x0000640c        0x8 ../../Common/ethernet/lwip-1.3.0/src/core/raw.o
                0x0000640c                raw_recv
 .text.raw_new  0x00006414       0x38 ../../Common/ethernet/lwip-1.3.0/src/core/raw.o
                0x00006414                raw_new
 .text.raw_remove
                0x0000644c       0x30 ../../Common/ethernet/lwip-1.3.0/src/core/raw.o
                0x0000644c                raw_remove
 .text.raw_sendto
                0x0000647c       0xcc ../../Common/ethernet/lwip-1.3.0/src/core/raw.o
                0x0000647c                raw_sendto
 .text.raw_send
                0x00006548        0xc ../../Common/ethernet/lwip-1.3.0/src/core/raw.o
                0x00006548                raw_send
 .text.raw_input
                0x00006554       0x6c ../../Common/ethernet/lwip-1.3.0/src/core/raw.o
                0x00006554                raw_input
 .text          0x000065c0        0x0 ../../Common/ethernet/lwip-1.3.0/src/core/stats.o
 .text.stats_display_mem
                0x000065c0       0x40 ../../Common/ethernet/lwip-1.3.0/src/core/stats.o
                0x000065c0                stats_display_mem
 .text.stats_display_igmp
                0x00006600       0x7c ../../Common/ethernet/lwip-1.3.0/src/core/stats.o
                0x00006600                stats_display_igmp
 .text.stats_display_proto
                0x0000667c       0xac ../../Common/ethernet/lwip-1.3.0/src/core/stats.o
                0x0000667c                stats_display_proto
 .text.stats_display
                0x00006728       0xac ../../Common/ethernet/lwip-1.3.0/src/core/stats.o
                0x00006728                stats_display
 .text          0x000067d4        0x0 ../../Common/ethernet/lwip-1.3.0/src/core/sys.o
 .text.sswt_handler
                0x000067d4       0x14 ../../Common/ethernet/lwip-1.3.0/src/core/sys.o
 .text.sys_untimeout
                0x000067e8       0x4c ../../Common/ethernet/lwip-1.3.0/src/core/sys.o
                0x000067e8                sys_untimeout
 .text.sys_timeout
                0x00006834       0x84 ../../Common/ethernet/lwip-1.3.0/src/core/sys.o
                0x00006834                sys_timeout
 .text.sys_sem_wait
                0x000068b8       0x6c ../../Common/ethernet/lwip-1.3.0/src/core/sys.o
                0x000068b8                sys_sem_wait
 .text.sys_sem_wait_timeout
                0x00006924       0x40 ../../Common/ethernet/lwip-1.3.0/src/core/sys.o
                0x00006924                sys_sem_wait_timeout
 .text.sys_msleep
                0x00006964       0x1c ../../Common/ethernet/lwip-1.3.0/src/core/sys.o
                0x00006964                sys_msleep
 .text.sys_mbox_fetch
                0x00006980       0x74 ../../Common/ethernet/lwip-1.3.0/src/core/sys.o
                0x00006980                sys_mbox_fetch
 .text          0x000069f4        0x0 ../../Common/ethernet/lwip-1.3.0/src/core/tcp.o
 .text.tcp_accept_null
                0x000069f4        0x8 ../../Common/ethernet/lwip-1.3.0/src/core/tcp.o
 .text.tcp_new_port
                0x000069fc       0x68 ../../Common/ethernet/lwip-1.3.0/src/core/tcp.o
 .text.tcp_setprio
                0x00006a64        0x4 ../../Common/ethernet/lwip-1.3.0/src/core/tcp.o
                0x00006a64                tcp_setprio
 .text.tcp_arg  0x00006a68        0x4 ../../Common/ethernet/lwip-1.3.0/src/core/tcp.o
                0x00006a68                tcp_arg
 .text.tcp_recv
                0x00006a6c        0x8 ../../Common/ethernet/lwip-1.3.0/src/core/tcp.o
                0x00006a6c                tcp_recv
 .text.tcp_sent
                0x00006a74        0x8 ../../Common/ethernet/lwip-1.3.0/src/core/tcp.o
                0x00006a74                tcp_sent
 .text.tcp_err  0x00006a7c        0x8 ../../Common/ethernet/lwip-1.3.0/src/core/tcp.o
                0x00006a7c                tcp_err
 .text.tcp_accept
                0x00006a84        0x4 ../../Common/ethernet/lwip-1.3.0/src/core/tcp.o
                0x00006a84                tcp_accept
 .text.tcp_poll
                0x00006a88        0xc ../../Common/ethernet/lwip-1.3.0/src/core/tcp.o
                0x00006a88                tcp_poll
 .text.tcp_next_iss
                0x00006a94       0x18 ../../Common/ethernet/lwip-1.3.0/src/core/tcp.o
                0x00006a94                tcp_next_iss
 .text.tcp_pcbs_sane
                0x00006aac       0x24 ../../Common/ethernet/lwip-1.3.0/src/core/tcp.o
                0x00006aac                tcp_pcbs_sane
 .text.tcp_debug_print_flags
                0x00006ad0       0x88 ../../Common/ethernet/lwip-1.3.0/src/core/tcp.o
                0x00006ad0                tcp_debug_print_flags
 .text.tcp_debug_print_state
                0x00006b58       0x80 ../../Common/ethernet/lwip-1.3.0/src/core/tcp.o
                0x00006b58                tcp_debug_print_state
 .text.tcp_debug_print_pcbs
                0x00006bd8       0x98 ../../Common/ethernet/lwip-1.3.0/src/core/tcp.o
                0x00006bd8                tcp_debug_print_pcbs
 .text.tcp_debug_print
                0x00006c70      0x1a0 ../../Common/ethernet/lwip-1.3.0/src/core/tcp.o
                0x00006c70                tcp_debug_print
 .text.tcp_eff_send_mss
                0x00006e10       0x20 ../../Common/ethernet/lwip-1.3.0/src/core/tcp.o
                0x00006e10                tcp_eff_send_mss
 .text.tcp_recved
                0x00006e30       0x70 ../../Common/ethernet/lwip-1.3.0/src/core/tcp.o
                0x00006e30                tcp_recved
 .text.tcp_fasttmr
                0x00006ea0       0x70 ../../Common/ethernet/lwip-1.3.0/src/core/tcp.o
                0x00006ea0                tcp_fasttmr
 .text.tcp_seg_copy
                0x00006f10       0x24 ../../Common/ethernet/lwip-1.3.0/src/core/tcp.o
                0x00006f10                tcp_seg_copy
 .text.tcp_seg_free
                0x00006f34       0x28 ../../Common/ethernet/lwip-1.3.0/src/core/tcp.o
                0x00006f34                tcp_seg_free
 .text.tcp_segs_free
                0x00006f5c       0x1c ../../Common/ethernet/lwip-1.3.0/src/core/tcp.o
                0x00006f5c                tcp_segs_free
 .text.tcp_pcb_purge
                0x00006f78       0x80 ../../Common/ethernet/lwip-1.3.0/src/core/tcp.o
                0x00006f78                tcp_pcb_purge
 .text.tcp_pcb_remove
                0x00006ff8       0x68 ../../Common/ethernet/lwip-1.3.0/src/core/tcp.o
                0x00006ff8                tcp_pcb_remove
 .text.tcp_listen_with_backlog
                0x00007060       0x9c ../../Common/ethernet/lwip-1.3.0/src/core/tcp.o
                0x00007060                tcp_listen_with_backlog
 .text.tcp_bind
                0x000070fc      0x140 ../../Common/ethernet/lwip-1.3.0/src/core/tcp.o
                0x000070fc                tcp_bind
 .text.tcp_connect
                0x0000723c      0x100 ../../Common/ethernet/lwip-1.3.0/src/core/tcp.o
                0x0000723c                tcp_connect
 .text.tcp_abort
                0x0000733c       0x94 ../../Common/ethernet/lwip-1.3.0/src/core/tcp.o
                0x0000733c                tcp_abort
 .text.tcp_alloc
                0x000073d0      0x140 ../../Common/ethernet/lwip-1.3.0/src/core/tcp.o
                0x000073d0                tcp_alloc
 .text.tcp_new  0x00007510        0xc ../../Common/ethernet/lwip-1.3.0/src/core/tcp.o
                0x00007510                tcp_new
 .text.tcp_slowtmr
                0x0000751c      0x328 ../../Common/ethernet/lwip-1.3.0/src/core/tcp.o
                0x0000751c                tcp_slowtmr
 .text.tcp_tmr  0x00007844       0x20 ../../Common/ethernet/lwip-1.3.0/src/core/tcp.o
                0x00007844                tcp_tmr
 .text.tcp_close
                0x00007864       0xc4 ../../Common/ethernet/lwip-1.3.0/src/core/tcp.o
                0x00007864                tcp_close
 .text.tcp_recv_null
                0x00007928       0x1c ../../Common/ethernet/lwip-1.3.0/src/core/tcp.o
 .text          0x00007944        0x0 ../../Common/ethernet/lwip-1.3.0/src/core/tcp_in.o
 .text.tcp_parseopt
                0x00007944       0x80 ../../Common/ethernet/lwip-1.3.0/src/core/tcp_in.o
 .text.tcp_receive
                0x000079c4      0xb50 ../../Common/ethernet/lwip-1.3.0/src/core/tcp_in.o
 .text.tcp_input
                0x00008514      0xc40 ../../Common/ethernet/lwip-1.3.0/src/core/tcp_in.o
                0x00008514                tcp_input
 .text          0x00009154        0x0 ../../Common/ethernet/lwip-1.3.0/src/core/tcp_out.o
 .text.tcp_zero_window_probe
                0x00009154      0x19c ../../Common/ethernet/lwip-1.3.0/src/core/tcp_out.o
                0x00009154                tcp_zero_window_probe
 .text.tcp_keepalive
                0x000092f0      0x17c ../../Common/ethernet/lwip-1.3.0/src/core/tcp_out.o
                0x000092f0                tcp_keepalive
 .text.tcp_rst  0x0000946c      0x12c ../../Common/ethernet/lwip-1.3.0/src/core/tcp_out.o
                0x0000946c                tcp_rst
 .text.tcp_output
                0x00009598      0x568 ../../Common/ethernet/lwip-1.3.0/src/core/tcp_out.o
                0x00009598                tcp_output
 .text.tcp_rexmit
                0x00009b00       0x48 ../../Common/ethernet/lwip-1.3.0/src/core/tcp_out.o
                0x00009b00                tcp_rexmit
 .text.tcp_rexmit_rto
                0x00009b48       0x4c ../../Common/ethernet/lwip-1.3.0/src/core/tcp_out.o
                0x00009b48                tcp_rexmit_rto
 .text.tcp_enqueue
                0x00009b94      0x4dc ../../Common/ethernet/lwip-1.3.0/src/core/tcp_out.o
                0x00009b94                tcp_enqueue
 .text.tcp_write
                0x0000a070       0x60 ../../Common/ethernet/lwip-1.3.0/src/core/tcp_out.o
                0x0000a070                tcp_write
 .text.tcp_send_ctrl
                0x0000a0d0       0x1c ../../Common/ethernet/lwip-1.3.0/src/core/tcp_out.o
                0x0000a0d0                tcp_send_ctrl
 .text          0x0000a0ec        0x0 ../../Common/ethernet/lwip-1.3.0/src/core/udp.o
 .text.udp_disconnect
                0x0000a0ec       0x2c ../../Common/ethernet/lwip-1.3.0/src/core/udp.o
                0x0000a0ec                udp_disconnect
 .text.udp_recv
                0x0000a118        0x8 ../../Common/ethernet/lwip-1.3.0/src/core/udp.o
                0x0000a118                udp_recv
 .text.udp_debug_print
                0x0000a120       0x78 ../../Common/ethernet/lwip-1.3.0/src/core/udp.o
                0x0000a120                udp_debug_print
 .text.udp_new  0x0000a198       0x20 ../../Common/ethernet/lwip-1.3.0/src/core/udp.o
                0x0000a198                udp_new
 .text.udp_remove
                0x0000a1b8       0x30 ../../Common/ethernet/lwip-1.3.0/src/core/udp.o
                0x0000a1b8                udp_remove
 .text.udp_bind
                0x0000a1e8      0x164 ../../Common/ethernet/lwip-1.3.0/src/core/udp.o
                0x0000a1e8                udp_bind
 .text.udp_connect
                0x0000a34c       0x9c ../../Common/ethernet/lwip-1.3.0/src/core/udp.o
                0x0000a34c                udp_connect
 .text.udp_sendto_if
                0x0000a3e8      0x174 ../../Common/ethernet/lwip-1.3.0/src/core/udp.o
                0x0000a3e8                udp_sendto_if
 .text.udp_sendto
                0x0000a55c       0x64 ../../Common/ethernet/lwip-1.3.0/src/core/udp.o
                0x0000a55c                udp_sendto
 .text.udp_send
                0x0000a5c0       0x10 ../../Common/ethernet/lwip-1.3.0/src/core/udp.o
                0x0000a5c0                udp_send
 .text.udp_input
                0x0000a5d0      0x490 ../../Common/ethernet/lwip-1.3.0/src/core/udp.o
                0x0000a5d0                udp_input
 .text          0x0000aa60        0x0 ../../Common/ethernet/lwip-1.3.0/src/core/ipv4/autoip.o
 .text          0x0000aa60        0x0 ../../Common/ethernet/lwip-1.3.0/src/core/ipv4/icmp.o
 .text.icmp_dest_unreach
                0x0000aa60       0xb0 ../../Common/ethernet/lwip-1.3.0/src/core/ipv4/icmp.o
                0x0000aa60                icmp_dest_unreach
 .text.icmp_input
                0x0000ab10      0x2d4 ../../Common/ethernet/lwip-1.3.0/src/core/ipv4/icmp.o
                0x0000ab10                icmp_input
 .text          0x0000ade4        0x0 ../../Common/ethernet/lwip-1.3.0/src/core/ipv4/igmp.o
 .text          0x0000ade4        0x0 ../../Common/ethernet/lwip-1.3.0/src/core/ipv4/inet.o
 .text.inet_ntoa
                0x0000ade4       0x6c ../../Common/ethernet/lwip-1.3.0/src/core/ipv4/inet.o
                0x0000ade4                inet_ntoa
 .text.htons    0x0000ae50        0xc ../../Common/ethernet/lwip-1.3.0/src/core/ipv4/inet.o
                0x0000ae50                htons
 .text.ntohs    0x0000ae5c        0x8 ../../Common/ethernet/lwip-1.3.0/src/core/ipv4/inet.o
                0x0000ae5c                ntohs
 .text.htonl    0x0000ae64       0x1c ../../Common/ethernet/lwip-1.3.0/src/core/ipv4/inet.o
                0x0000ae64                htonl
 .text.inet_aton
                0x0000ae80      0x124 ../../Common/ethernet/lwip-1.3.0/src/core/ipv4/inet.o
                0x0000ae80                inet_aton
 .text.inet_addr
                0x0000afa4       0x14 ../../Common/ethernet/lwip-1.3.0/src/core/ipv4/inet.o
                0x0000afa4                inet_addr
 .text.ntohl    0x0000afb8        0x8 ../../Common/ethernet/lwip-1.3.0/src/core/ipv4/inet.o
                0x0000afb8                ntohl
 .text          0x0000afc0        0x0 ../../Common/ethernet/lwip-1.3.0/src/core/ipv4/inet_chksum.o
 .text.lwip_standard_chksum
                0x0000afc0       0x58 ../../Common/ethernet/lwip-1.3.0/src/core/ipv4/inet_chksum.o
 .text.inet_chksum_pbuf
                0x0000b018       0x50 ../../Common/ethernet/lwip-1.3.0/src/core/ipv4/inet_chksum.o
                0x0000b018                inet_chksum_pbuf
 .text.inet_chksum
                0x0000b068        0xc ../../Common/ethernet/lwip-1.3.0/src/core/ipv4/inet_chksum.o
                0x0000b068                inet_chksum
 .text.inet_chksum_pseudo_partial
                0x0000b074      0x108 ../../Common/ethernet/lwip-1.3.0/src/core/ipv4/inet_chksum.o
                0x0000b074                inet_chksum_pseudo_partial
 .text.inet_chksum_pseudo
                0x0000b17c       0xe4 ../../Common/ethernet/lwip-1.3.0/src/core/ipv4/inet_chksum.o
                0x0000b17c                inet_chksum_pseudo
 .text          0x0000b260        0x0 ../../Common/ethernet/lwip-1.3.0/src/core/ipv4/ip_addr.o
 .text.ip_addr_isbroadcast
                0x0000b260       0x4c ../../Common/ethernet/lwip-1.3.0/src/core/ipv4/ip_addr.o
                0x0000b260                ip_addr_isbroadcast
 .text          0x0000b2ac        0x0 ../../Common/ethernet/lwip-1.3.0/src/core/ipv4/ip.o
 .text.ip_debug_print
                0x0000b2ac      0x22c ../../Common/ethernet/lwip-1.3.0/src/core/ipv4/ip.o
                0x0000b2ac                ip_debug_print
 .text.ip_output_if
                0x0000b4d8      0x180 ../../Common/ethernet/lwip-1.3.0/src/core/ipv4/ip.o
                0x0000b4d8                ip_output_if
 .text.ip_route
                0x0000b658       0x80 ../../Common/ethernet/lwip-1.3.0/src/core/ipv4/ip.o
                0x0000b658                ip_route
 .text.ip_output
                0x0000b6d8       0x40 ../../Common/ethernet/lwip-1.3.0/src/core/ipv4/ip.o
                0x0000b6d8                ip_output
 .text.ip_input
                0x0000b718      0x36c ../../Common/ethernet/lwip-1.3.0/src/core/ipv4/ip.o
                0x0000b718                ip_input
 .text          0x0000ba84        0x0 ../../Common/ethernet/lwip-1.3.0/src/core/ipv4/ip_frag.o
 .text          0x0000ba84        0x0 ../../Common/ethernet/lwip-1.3.0/src/netif/etharp.o
 .text.etharp_send_ip
                0x0000ba84       0x4c ../../Common/ethernet/lwip-1.3.0/src/netif/etharp.o
 .text.etharp_request
                0x0000bad0       0xf8 ../../Common/ethernet/lwip-1.3.0/src/netif/etharp.o
                0x0000bad0                etharp_request
 .text.free_etharp_q
                0x0000bbc8       0x20 ../../Common/ethernet/lwip-1.3.0/src/netif/etharp.o
 .text.find_entry
                0x0000bbe8      0x1f0 ../../Common/ethernet/lwip-1.3.0/src/netif/etharp.o
 .text.etharp_query
                0x0000bdd8      0x19c ../../Common/ethernet/lwip-1.3.0/src/netif/etharp.o
                0x0000bdd8                etharp_query
 .text.etharp_output
                0x0000bf74      0x128 ../../Common/ethernet/lwip-1.3.0/src/netif/etharp.o
                0x0000bf74                etharp_output
 .text.etharp_find_addr
                0x0000c09c       0x3c ../../Common/ethernet/lwip-1.3.0/src/netif/etharp.o
                0x0000c09c                etharp_find_addr
 .text.etharp_tmr
                0x0000c0d8       0x70 ../../Common/ethernet/lwip-1.3.0/src/netif/etharp.o
                0x0000c0d8                etharp_tmr
 .text.update_arp_entry
                0x0000c148      0x198 ../../Common/ethernet/lwip-1.3.0/src/netif/etharp.o
 .text.etharp_ip_input
                0x0000c2e0       0x44 ../../Common/ethernet/lwip-1.3.0/src/netif/etharp.o
                0x0000c2e0                etharp_ip_input
 .text.etharp_arp_input
                0x0000c324      0x20c ../../Common/ethernet/lwip-1.3.0/src/netif/etharp.o
                0x0000c324                etharp_arp_input
 .text.ethernet_input
                0x0000c530       0x5c ../../Common/ethernet/lwip-1.3.0/src/netif/etharp.o
                0x0000c530                ethernet_input
 .text          0x0000c58c        0x0 ../../Common/ethernet/lwip-1.3.0/src/netif/loopif.o
 .text          0x0000c58c        0x0 ../../Common/ethernet/lwip-1.3.0/src/netif/ppp/auth.o
 .text          0x0000c58c        0x0 ../../Common/ethernet/lwip-1.3.0/src/netif/ppp/chap.o
 .text          0x0000c58c        0x0 ../../Common/ethernet/lwip-1.3.0/src/netif/ppp/chpms.o
 .text          0x0000c58c        0x0 ../../Common/ethernet/lwip-1.3.0/src/netif/ppp/fsm.o
 .text          0x0000c58c        0x0 ../../Common/ethernet/lwip-1.3.0/src/netif/ppp/ipcp.o
 .text          0x0000c58c        0x0 ../../Common/ethernet/lwip-1.3.0/src/netif/ppp/lcp.o
 .text          0x0000c58c        0x0 ../../Common/ethernet/lwip-1.3.0/src/netif/ppp/magic.o
 .text          0x0000c58c        0x0 ../../Common/ethernet/lwip-1.3.0/src/netif/ppp/md5.o
 .text          0x0000c58c        0x0 ../../Common/ethernet/lwip-1.3.0/src/netif/ppp/pap.o
 .text          0x0000c58c        0x0 ../../Common/ethernet/lwip-1.3.0/src/netif/ppp/ppp.o
 .text          0x0000c58c        0x0 ../../Common/ethernet/lwip-1.3.0/src/netif/ppp/randm.o
 .text          0x0000c58c        0x0 ../../Common/ethernet/lwip-1.3.0/src/netif/ppp/vj.o
 .text          0x0000c58c        0x0 ../../Common/ethernet/lwip-1.3.0/src/netif/sio.o
 .text.sio_send
                0x0000c58c        0x4 ../../Common/ethernet/lwip-1.3.0/src/netif/sio.o
                0x0000c58c                sio_send
 .text.sio_send_string
                0x0000c590        0x4 ../../Common/ethernet/lwip-1.3.0/src/netif/sio.o
                0x0000c590                sio_send_string
 .text.sio_flush
                0x0000c594        0x4 ../../Common/ethernet/lwip-1.3.0/src/netif/sio.o
                0x0000c594                sio_flush
 .text.sio_open
                0x0000c598        0x4 ../../Common/ethernet/lwip-1.3.0/src/netif/sio.o
                0x0000c598                sio_open
 .text.sio_change_baud
                0x0000c59c       0x20 ../../Common/ethernet/lwip-1.3.0/src/netif/sio.o
                0x0000c59c                sio_change_baud
 .text          0x0000c5bc        0x0 ../../Common/ethernet/lwip-1.3.0/Apps/fs.o
 .text.fs_free  0x0000c5bc       0x20 ../../Common/ethernet/lwip-1.3.0/Apps/fs.o
 .text.fs_close
                0x0000c5dc        0x8 ../../Common/ethernet/lwip-1.3.0/Apps/fs.o
                0x0000c5dc                fs_close
 .text.fs_read  0x0000c5e4       0x38 ../../Common/ethernet/lwip-1.3.0/Apps/fs.o
                0x0000c5e4                fs_read
 .text.fs_open  0x0000c61c       0x6c ../../Common/ethernet/lwip-1.3.0/Apps/fs.o
                0x0000c61c                fs_open
 .text          0x0000c688        0x0 ../../Common/ethernet/lwip-1.3.0/Apps/ustdlib.o
 .text.ulocaltime
                0x0000c688       0xa0 ../../Common/ethernet/lwip-1.3.0/Apps/ustdlib.o
                0x0000c688                ulocaltime
 .text.ustrtoul
                0x0000c728       0xb0 ../../Common/ethernet/lwip-1.3.0/Apps/ustdlib.o
                0x0000c728                ustrtoul
 .text.ustrstr  0x0000c7d8       0x2c ../../Common/ethernet/lwip-1.3.0/Apps/ustdlib.o
                0x0000c7d8                ustrstr
 .text.uvsnprintf
                0x0000c804      0x248 ../../Common/ethernet/lwip-1.3.0/Apps/ustdlib.o
                0x0000c804                uvsnprintf
 .text.usnprintf
                0x0000ca4c       0x18 ../../Common/ethernet/lwip-1.3.0/Apps/ustdlib.o
                0x0000ca4c                usnprintf
 .text.usprintf
                0x0000ca64       0x1c ../../Common/ethernet/lwip-1.3.0/Apps/ustdlib.o
                0x0000ca64                usprintf
 .text          0x0000ca80        0x0 ../../Common/ethernet/lwip-1.3.0/Apps/httpd.o
 .text.httpd_init
                0x0000ca80       0x28 ../../Common/ethernet/lwip-1.3.0/Apps/httpd.o
                0x0000ca80                httpd_init
 .text.http_accept
                0x0000caa8       0x50 ../../Common/ethernet/lwip-1.3.0/Apps/httpd.o
 .text.conn_err
                0x0000caf8       0x24 ../../Common/ethernet/lwip-1.3.0/Apps/httpd.o
 .text.close_conn
                0x0000cb1c       0x40 ../../Common/ethernet/lwip-1.3.0/Apps/httpd.o
 .text.send_data
                0x0000cb5c       0xac ../../Common/ethernet/lwip-1.3.0/Apps/httpd.o
 .text.http_poll
                0x0000cc08       0x30 ../../Common/ethernet/lwip-1.3.0/Apps/httpd.o
 .text.http_sent
                0x0000cc38       0x2c ../../Common/ethernet/lwip-1.3.0/Apps/httpd.o
 .text.get_404_file
                0x0000cc64       0x2c ../../Common/ethernet/lwip-1.3.0/Apps/httpd.o
 .text.http_recv
                0x0000cc90      0x104 ../../Common/ethernet/lwip-1.3.0/Apps/httpd.o
 .text          0x0000cd94        0x0 startup.o
 .text.NmiSR    0x0000cd94        0x4 startup.o
 .text.FaultISR
                0x0000cd98        0x4 startup.o
 .text.IntDefaultHandler
                0x0000cd9c        0x4 startup.o
 .text.uipprintf
                0x0000cda0        0xc startup.o
                0x0000cda0                uipprintf
 .text.ResetISR
                0x0000cdac       0x70 startup.o
                0x0000cdac                ResetISR
 .text          0x0000ce1c        0x0 ../../Common/drivers/LuminaryMicro/arm-none-eabi-gcc/libdriver.a(ethernet.o)
 .text.EthernetInitExpClk
                0x0000ce1c       0x18 ../../Common/drivers/LuminaryMicro/arm-none-eabi-gcc/libdriver.a(ethernet.o)
                0x0000ce1c                EthernetInitExpClk
 .text.EthernetConfigSet
                0x0000ce34       0x30 ../../Common/drivers/LuminaryMicro/arm-none-eabi-gcc/libdriver.a(ethernet.o)
                0x0000ce34                EthernetConfigSet
 .text.EthernetConfigGet
                0x0000ce64       0x18 ../../Common/drivers/LuminaryMicro/arm-none-eabi-gcc/libdriver.a(ethernet.o)
                0x0000ce64                EthernetConfigGet
 .text.EthernetMACAddrSet
                0x0000ce7c       0x38 ../../Common/drivers/LuminaryMicro/arm-none-eabi-gcc/libdriver.a(ethernet.o)
                0x0000ce7c                EthernetMACAddrSet
 .text.EthernetMACAddrGet
                0x0000ceb4       0x34 ../../Common/drivers/LuminaryMicro/arm-none-eabi-gcc/libdriver.a(ethernet.o)
                0x0000ceb4                EthernetMACAddrGet
 .text.EthernetEnable
                0x0000cee8       0x24 ../../Common/drivers/LuminaryMicro/arm-none-eabi-gcc/libdriver.a(ethernet.o)
                0x0000cee8                EthernetEnable
 .text.EthernetDisable
                0x0000cf0c       0x24 ../../Common/drivers/LuminaryMicro/arm-none-eabi-gcc/libdriver.a(ethernet.o)
                0x0000cf0c                EthernetDisable
 .text.EthernetPacketAvail
                0x0000cf30        0xc ../../Common/drivers/LuminaryMicro/arm-none-eabi-gcc/libdriver.a(ethernet.o)
                0x0000cf30                EthernetPacketAvail
 .text.EthernetSpaceAvail
                0x0000cf3c        0xc ../../Common/drivers/LuminaryMicro/arm-none-eabi-gcc/libdriver.a(ethernet.o)
                0x0000cf3c                EthernetSpaceAvail
 .text.EthernetPacketGetInternal
                0x0000cf48       0xa4 ../../Common/drivers/LuminaryMicro/arm-none-eabi-gcc/libdriver.a(ethernet.o)
 .text.EthernetPacketGetNonBlocking
                0x0000cfec       0x18 ../../Common/drivers/LuminaryMicro/arm-none-eabi-gcc/libdriver.a(ethernet.o)
                0x0000cfec                EthernetPacketGetNonBlocking
 .text.EthernetPacketGet
                0x0000d004       0x18 ../../Common/drivers/LuminaryMicro/arm-none-eabi-gcc/libdriver.a(ethernet.o)
                0x0000d004                EthernetPacketGet
 .text.EthernetPacketPutInternal
                0x0000d01c       0x98 ../../Common/drivers/LuminaryMicro/arm-none-eabi-gcc/libdriver.a(ethernet.o)
 .text.EthernetPacketPutNonBlocking
                0x0000d0b4       0x14 ../../Common/drivers/LuminaryMicro/arm-none-eabi-gcc/libdriver.a(ethernet.o)
                0x0000d0b4                EthernetPacketPutNonBlocking
 .text.EthernetPacketPut
                0x0000d0c8       0x18 ../../Common/drivers/LuminaryMicro/arm-none-eabi-gcc/libdriver.a(ethernet.o)
                0x0000d0c8                EthernetPacketPut
 .text.EthernetIntEnable
                0x0000d0e0        0x8 ../../Common/drivers/LuminaryMicro/arm-none-eabi-gcc/libdriver.a(ethernet.o)
                0x0000d0e0                EthernetIntEnable
 .text.EthernetIntDisable
                0x0000d0e8        0xc ../../Common/drivers/LuminaryMicro/arm-none-eabi-gcc/libdriver.a(ethernet.o)
                0x0000d0e8                EthernetIntDisable
 .text.EthernetIntStatus
                0x0000d0f4        0xc ../../Common/drivers/LuminaryMicro/arm-none-eabi-gcc/libdriver.a(ethernet.o)
                0x0000d0f4                EthernetIntStatus
 .text.EthernetIntClear
                0x0000d100        0x4 ../../Common/drivers/LuminaryMicro/arm-none-eabi-gcc/libdriver.a(ethernet.o)
                0x0000d100                EthernetIntClear
 .text.EthernetPHYWrite
                0x0000d104       0x30 ../../Common/drivers/LuminaryMicro/arm-none-eabi-gcc/libdriver.a(ethernet.o)
                0x0000d104                EthernetPHYWrite
 .text.EthernetPHYRead
                0x0000d134       0x28 ../../Common/drivers/LuminaryMicro/arm-none-eabi-gcc/libdriver.a(ethernet.o)
                0x0000d134                EthernetPHYRead
 .text.EthernetIntUnregister
                0x0000d15c       0x10 ../../Common/drivers/LuminaryMicro/arm-none-eabi-gcc/libdriver.a(ethernet.o)
                0x0000d15c                EthernetIntUnregister
 .text.EthernetIntRegister
                0x0000d16c       0x10 ../../Common/drivers/LuminaryMicro/arm-none-eabi-gcc/libdriver.a(ethernet.o)
                0x0000d16c                EthernetIntRegister
 .text          0x0000d17c        0x0 ../../Common/drivers/LuminaryMicro/arm-none-eabi-gcc/libdriver.a(flash.o)
 .text.FlashUsecGet
                0x0000d17c       0x10 ../../Common/drivers/LuminaryMicro/arm-none-eabi-gcc/libdriver.a(flash.o)
                0x0000d17c                FlashUsecGet
 .text.FlashUsecSet
                0x0000d18c       0x10 ../../Common/drivers/LuminaryMicro/arm-none-eabi-gcc/libdriver.a(flash.o)
                0x0000d18c                FlashUsecSet
 .text.FlashErase
                0x0000d19c       0x50 ../../Common/drivers/LuminaryMicro/arm-none-eabi-gcc/libdriver.a(flash.o)
                0x0000d19c                FlashErase
 .text.FlashProgram
                0x0000d1ec       0x68 ../../Common/drivers/LuminaryMicro/arm-none-eabi-gcc/libdriver.a(flash.o)
                0x0000d1ec                FlashProgram
 .text.FlashProtectGet
                0x0000d254       0xb4 ../../Common/drivers/LuminaryMicro/arm-none-eabi-gcc/libdriver.a(flash.o)
                0x0000d254                FlashProtectGet
 .text.FlashProtectSet
                0x0000d308      0x134 ../../Common/drivers/LuminaryMicro/arm-none-eabi-gcc/libdriver.a(flash.o)
                0x0000d308                FlashProtectSet
 .text.FlashProtectSave
                0x0000d43c       0x60 ../../Common/drivers/LuminaryMicro/arm-none-eabi-gcc/libdriver.a(flash.o)
                0x0000d43c                FlashProtectSave
 .text.FlashUserGet
                0x0000d49c       0x48 ../../Common/drivers/LuminaryMicro/arm-none-eabi-gcc/libdriver.a(flash.o)
                0x0000d49c                FlashUserGet
 .text.FlashUserSet
                0x0000d4e4       0x44 ../../Common/drivers/LuminaryMicro/arm-none-eabi-gcc/libdriver.a(flash.o)
                0x0000d4e4                FlashUserSet
 .text.FlashUserSave
                0x0000d528       0x88 ../../Common/drivers/LuminaryMicro/arm-none-eabi-gcc/libdriver.a(flash.o)
                0x0000d528                FlashUserSave
 .text.FlashIntEnable
                0x0000d5b0       0x10 ../../Common/drivers/LuminaryMicro/arm-none-eabi-gcc/libdriver.a(flash.o)
                0x0000d5b0                FlashIntEnable
 .text.FlashIntDisable
                0x0000d5c0       0x14 ../../Common/drivers/LuminaryMicro/arm-none-eabi-gcc/libdriver.a(flash.o)
                0x0000d5c0                FlashIntDisable
 .text.FlashIntGetStatus
                0x0000d5d4       0x1c ../../Common/drivers/LuminaryMicro/arm-none-eabi-gcc/libdriver.a(flash.o)
                0x0000d5d4                FlashIntGetStatus
 .text.FlashIntClear
                0x0000d5f0        0xc ../../Common/drivers/LuminaryMicro/arm-none-eabi-gcc/libdriver.a(flash.o)
                0x0000d5f0                FlashIntClear
 .text.FlashIntUnregister
                0x0000d5fc       0x10 ../../Common/drivers/LuminaryMicro/arm-none-eabi-gcc/libdriver.a(flash.o)
                0x0000d5fc                FlashIntUnregister
 .text.FlashIntRegister
                0x0000d60c       0x14 ../../Common/drivers/LuminaryMicro/arm-none-eabi-gcc/libdriver.a(flash.o)
                0x0000d60c                FlashIntRegister
 .text          0x0000d620        0x0 ../../Common/drivers/LuminaryMicro/arm-none-eabi-gcc/libdriver.a(gpio.o)
 .text.GPIOGetIntNumber
                0x0000d620       0xf4 ../../Common/drivers/LuminaryMicro/arm-none-eabi-gcc/libdriver.a(gpio.o)
 .text.GPIODirModeSet
                0x0000d714       0x44 ../../Common/drivers/LuminaryMicro/arm-none-eabi-gcc/libdriver.a(gpio.o)
                0x0000d714                GPIODirModeSet
 .text.GPIODirModeGet
                0x0000d758       0x20 ../../Common/drivers/LuminaryMicro/arm-none-eabi-gcc/libdriver.a(gpio.o)
                0x0000d758                GPIODirModeGet
 .text.GPIOIntTypeSet
                0x0000d778       0x70 ../../Common/drivers/LuminaryMicro/arm-none-eabi-gcc/libdriver.a(gpio.o)
                0x0000d778                GPIOIntTypeSet
 .text.GPIOIntTypeGet
                0x0000d7e8       0x30 ../../Common/drivers/LuminaryMicro/arm-none-eabi-gcc/libdriver.a(gpio.o)
                0x0000d7e8                GPIOIntTypeGet
 .text.GPIOPadConfigSet
                0x0000d818      0x130 ../../Common/drivers/LuminaryMicro/arm-none-eabi-gcc/libdriver.a(gpio.o)
                0x0000d818                GPIOPadConfigSet
 .text.GPIOPadConfigGet
                0x0000d948       0x78 ../../Common/drivers/LuminaryMicro/arm-none-eabi-gcc/libdriver.a(gpio.o)
                0x0000d948                GPIOPadConfigGet
 .text.GPIOPinIntEnable
                0x0000d9c0        0xc ../../Common/drivers/LuminaryMicro/arm-none-eabi-gcc/libdriver.a(gpio.o)
                0x0000d9c0                GPIOPinIntEnable
 .text.GPIOPinIntDisable
                0x0000d9cc       0x10 ../../Common/drivers/LuminaryMicro/arm-none-eabi-gcc/libdriver.a(gpio.o)
                0x0000d9cc                GPIOPinIntDisable
 .text.GPIOPinIntStatus
                0x0000d9dc       0x10 ../../Common/drivers/LuminaryMicro/arm-none-eabi-gcc/libdriver.a(gpio.o)
                0x0000d9dc                GPIOPinIntStatus
 .text.GPIOPinIntClear
                0x0000d9ec        0x8 ../../Common/drivers/LuminaryMicro/arm-none-eabi-gcc/libdriver.a(gpio.o)
                0x0000d9ec                GPIOPinIntClear
 .text.GPIOPinRead
                0x0000d9f4        0x8 ../../Common/drivers/LuminaryMicro/arm-none-eabi-gcc/libdriver.a(gpio.o)
                0x0000d9f4                GPIOPinRead
 .text.GPIOPinWrite
                0x0000d9fc        0x8 ../../Common/drivers/LuminaryMicro/arm-none-eabi-gcc/libdriver.a(gpio.o)
                0x0000d9fc                GPIOPinWrite
 .text.GPIOPinTypeADC
                0x0000da04       0x1c ../../Common/drivers/LuminaryMicro/arm-none-eabi-gcc/libdriver.a(gpio.o)
                0x0000da04                GPIOPinTypeADC
 .text.GPIOPinTypeCAN
                0x0000da20       0x1c ../../Common/drivers/LuminaryMicro/arm-none-eabi-gcc/libdriver.a(gpio.o)
                0x0000da20                GPIOPinTypeCAN
 .text.GPIOPinTypeComparator
                0x0000da3c       0x1c ../../Common/drivers/LuminaryMicro/arm-none-eabi-gcc/libdriver.a(gpio.o)
                0x0000da3c                GPIOPinTypeComparator
 .text.GPIOPinTypeGPIOInput
                0x0000da58       0x1c ../../Common/drivers/LuminaryMicro/arm-none-eabi-gcc/libdriver.a(gpio.o)
                0x0000da58                GPIOPinTypeGPIOInput
 .text.GPIOPinTypeGPIOOutput
                0x0000da74       0x1c ../../Common/drivers/LuminaryMicro/arm-none-eabi-gcc/libdriver.a(gpio.o)
                0x0000da74                GPIOPinTypeGPIOOutput
 .text.GPIOPinTypeGPIOOutputOD
                0x0000da90       0x1c ../../Common/drivers/LuminaryMicro/arm-none-eabi-gcc/libdriver.a(gpio.o)
                0x0000da90                GPIOPinTypeGPIOOutputOD
 .text.GPIOPinTypeI2C
                0x0000daac       0x1c ../../Common/drivers/LuminaryMicro/arm-none-eabi-gcc/libdriver.a(gpio.o)
                0x0000daac                GPIOPinTypeI2C
 .text.GPIOPinTypePWM
                0x0000dac8       0x1c ../../Common/drivers/LuminaryMicro/arm-none-eabi-gcc/libdriver.a(gpio.o)
                0x0000dac8                GPIOPinTypePWM
 .text.GPIOPinTypeQEI
                0x0000dae4       0x1c ../../Common/drivers/LuminaryMicro/arm-none-eabi-gcc/libdriver.a(gpio.o)
                0x0000dae4                GPIOPinTypeQEI
 .text.GPIOPinTypeSSI
                0x0000db00       0x1c ../../Common/drivers/LuminaryMicro/arm-none-eabi-gcc/libdriver.a(gpio.o)
                0x0000db00                GPIOPinTypeSSI
 .text.GPIOPinTypeTimer
                0x0000db1c       0x1c ../../Common/drivers/LuminaryMicro/arm-none-eabi-gcc/libdriver.a(gpio.o)
                0x0000db1c                GPIOPinTypeTimer
 .text.GPIOPinTypeUART
                0x0000db38       0x1c ../../Common/drivers/LuminaryMicro/arm-none-eabi-gcc/libdriver.a(gpio.o)
                0x0000db38                GPIOPinTypeUART
 .text.GPIOPinTypeUSBDigital
                0x0000db54       0x1c ../../Common/drivers/LuminaryMicro/arm-none-eabi-gcc/libdriver.a(gpio.o)
                0x0000db54                GPIOPinTypeUSBDigital
 .text.GPIOPortIntUnregister
                0x0000db70       0x14 ../../Common/drivers/LuminaryMicro/arm-none-eabi-gcc/libdriver.a(gpio.o)
                0x0000db70                GPIOPortIntUnregister
 .text.GPIOPortIntRegister
                0x0000db84       0x18 ../../Common/drivers/LuminaryMicro/arm-none-eabi-gcc/libdriver.a(gpio.o)
                0x0000db84                GPIOPortIntRegister
 .text          0x0000db9c        0x0 ../../Common/drivers/LuminaryMicro/arm-none-eabi-gcc/libdriver.a(interrupt.o)
 .text.IntDefaultHandler
                0x0000db9c        0x4 ../../Common/drivers/LuminaryMicro/arm-none-eabi-gcc/libdriver.a(interrupt.o)
 .text.IntRegister
                0x0000dba0       0x40 ../../Common/drivers/LuminaryMicro/arm-none-eabi-gcc/libdriver.a(interrupt.o)
                0x0000dba0                IntRegister
 .text.IntUnregister
                0x0000dbe0       0x18 ../../Common/drivers/LuminaryMicro/arm-none-eabi-gcc/libdriver.a(interrupt.o)
                0x0000dbe0                IntUnregister
 .text.IntPriorityGroupingSet
                0x0000dbf8       0x24 ../../Common/drivers/LuminaryMicro/arm-none-eabi-gcc/libdriver.a(interrupt.o)
                0x0000dbf8                IntPriorityGroupingSet
 .text.IntPriorityGroupingGet
                0x0000dc1c       0x28 ../../Common/drivers/LuminaryMicro/arm-none-eabi-gcc/libdriver.a(interrupt.o)
                0x0000dc1c                IntPriorityGroupingGet
 .text.IntPrioritySet
                0x0000dc44       0x2c ../../Common/drivers/LuminaryMicro/arm-none-eabi-gcc/libdriver.a(interrupt.o)
                0x0000dc44                IntPrioritySet
 .text.IntPriorityGet
                0x0000dc70       0x24 ../../Common/drivers/LuminaryMicro/arm-none-eabi-gcc/libdriver.a(interrupt.o)
                0x0000dc70                IntPriorityGet
 .text.IntEnable
                0x0000dc94       0x88 ../../Common/drivers/LuminaryMicro/arm-none-eabi-gcc/libdriver.a(interrupt.o)
                0x0000dc94                IntEnable
 .text.IntDisable
                0x0000dd1c       0x88 ../../Common/drivers/LuminaryMicro/arm-none-eabi-gcc/libdriver.a(interrupt.o)
                0x0000dd1c                IntDisable
 .text.IntMasterDisable
                0x0000dda4        0xc ../../Common/drivers/LuminaryMicro/arm-none-eabi-gcc/libdriver.a(interrupt.o)
                0x0000dda4                IntMasterDisable
 .text.IntMasterEnable
                0x0000ddb0        0xc ../../Common/drivers/LuminaryMicro/arm-none-eabi-gcc/libdriver.a(interrupt.o)
                0x0000ddb0                IntMasterEnable
 .text          0x0000ddbc        0x0 ../../Common/drivers/LuminaryMicro/arm-none-eabi-gcc/libdriver.a(ssi.o)
 .text.SSIConfigSetExpClk
                0x0000ddbc       0x48 ../../Common/drivers/LuminaryMicro/arm-none-eabi-gcc/libdriver.a(ssi.o)
                0x0000ddbc                SSIConfigSetExpClk
 .text.SSIEnable
                0x0000de04        0xc ../../Common/drivers/LuminaryMicro/arm-none-eabi-gcc/libdriver.a(ssi.o)
                0x0000de04                SSIEnable
 .text.SSIDisable
                0x0000de10        0xc ../../Common/drivers/LuminaryMicro/arm-none-eabi-gcc/libdriver.a(ssi.o)
                0x0000de10                SSIDisable
 .text.SSIIntEnable
                0x0000de1c        0x8 ../../Common/drivers/LuminaryMicro/arm-none-eabi-gcc/libdriver.a(ssi.o)
                0x0000de1c                SSIIntEnable
 .text.SSIIntDisable
                0x0000de24        0xc ../../Common/drivers/LuminaryMicro/arm-none-eabi-gcc/libdriver.a(ssi.o)
                0x0000de24                SSIIntDisable
 .text.SSIIntStatus
                0x0000de30        0xc ../../Common/drivers/LuminaryMicro/arm-none-eabi-gcc/libdriver.a(ssi.o)
                0x0000de30                SSIIntStatus
 .text.SSIIntClear
                0x0000de3c        0x4 ../../Common/drivers/LuminaryMicro/arm-none-eabi-gcc/libdriver.a(ssi.o)
                0x0000de3c                SSIIntClear
 .text.SSIDataPut
                0x0000de40       0x10 ../../Common/drivers/LuminaryMicro/arm-none-eabi-gcc/libdriver.a(ssi.o)
                0x0000de40                SSIDataPut
 .text.SSIDataPutNonBlocking
                0x0000de50       0x10 ../../Common/drivers/LuminaryMicro/arm-none-eabi-gcc/libdriver.a(ssi.o)
                0x0000de50                SSIDataPutNonBlocking
 .text.SSIDataGet
                0x0000de60       0x14 ../../Common/drivers/LuminaryMicro/arm-none-eabi-gcc/libdriver.a(ssi.o)
                0x0000de60                SSIDataGet
 .text.SSIDataGetNonBlocking
                0x0000de74       0x14 ../../Common/drivers/LuminaryMicro/arm-none-eabi-gcc/libdriver.a(ssi.o)
                0x0000de74                SSIDataGetNonBlocking
 .text.SSIDMAEnable
                0x0000de88        0x8 ../../Common/drivers/LuminaryMicro/arm-none-eabi-gcc/libdriver.a(ssi.o)
                0x0000de88                SSIDMAEnable
 .text.SSIDMADisable
                0x0000de90        0xc ../../Common/drivers/LuminaryMicro/arm-none-eabi-gcc/libdriver.a(ssi.o)
                0x0000de90                SSIDMADisable
 .text.SSIIntUnregister
                0x0000de9c       0x20 ../../Common/drivers/LuminaryMicro/arm-none-eabi-gcc/libdriver.a(ssi.o)
                0x0000de9c                SSIIntUnregister
 .text.SSIIntRegister
                0x0000debc       0x20 ../../Common/drivers/LuminaryMicro/arm-none-eabi-gcc/libdriver.a(ssi.o)
                0x0000debc                SSIIntRegister
 .text          0x0000dedc        0x0 ../../Common/drivers/LuminaryMicro/arm-none-eabi-gcc/libdriver.a(sysctl.o)
 .text.SysCtlSRAMSizeGet
                0x0000dedc       0x1c ../../Common/drivers/LuminaryMicro/arm-none-eabi-gcc/libdriver.a(sysctl.o)
                0x0000dedc                SysCtlSRAMSizeGet
 .text.SysCtlFlashSizeGet
                0x0000def8       0x14 ../../Common/drivers/LuminaryMicro/arm-none-eabi-gcc/libdriver.a(sysctl.o)
                0x0000def8                SysCtlFlashSizeGet
 .text.SysCtlPinPresent
                0x0000df0c       0x14 ../../Common/drivers/LuminaryMicro/arm-none-eabi-gcc/libdriver.a(sysctl.o)
                0x0000df0c                SysCtlPinPresent
 .text.SysCtlPeripheralPresent
                0x0000df20       0x28 ../../Common/drivers/LuminaryMicro/arm-none-eabi-gcc/libdriver.a(sysctl.o)
                0x0000df20                SysCtlPeripheralPresent
 .text.SysCtlPeripheralReset
                0x0000df48       0x44 ../../Common/drivers/LuminaryMicro/arm-none-eabi-gcc/libdriver.a(sysctl.o)
                0x0000df48                SysCtlPeripheralReset
 .text.SysCtlPeripheralEnable
                0x0000df8c       0x24 ../../Common/drivers/LuminaryMicro/arm-none-eabi-gcc/libdriver.a(sysctl.o)
                0x0000df8c                SysCtlPeripheralEnable
 .text.SysCtlPeripheralDisable
                0x0000dfb0       0x28 ../../Common/drivers/LuminaryMicro/arm-none-eabi-gcc/libdriver.a(sysctl.o)
                0x0000dfb0                SysCtlPeripheralDisable
 .text.SysCtlPeripheralSleepEnable
                0x0000dfd8       0x24 ../../Common/drivers/LuminaryMicro/arm-none-eabi-gcc/libdriver.a(sysctl.o)
                0x0000dfd8                SysCtlPeripheralSleepEnable
 .text.SysCtlPeripheralSleepDisable
                0x0000dffc       0x28 ../../Common/drivers/LuminaryMicro/arm-none-eabi-gcc/libdriver.a(sysctl.o)
                0x0000dffc                SysCtlPeripheralSleepDisable
 .text.SysCtlPeripheralDeepSleepEnable
                0x0000e024       0x24 ../../Common/drivers/LuminaryMicro/arm-none-eabi-gcc/libdriver.a(sysctl.o)
                0x0000e024                SysCtlPeripheralDeepSleepEnable
 .text.SysCtlPeripheralDeepSleepDisable
                0x0000e048       0x28 ../../Common/drivers/LuminaryMicro/arm-none-eabi-gcc/libdriver.a(sysctl.o)
                0x0000e048                SysCtlPeripheralDeepSleepDisable
 .text.SysCtlPeripheralClockGating
                0x0000e070       0x28 ../../Common/drivers/LuminaryMicro/arm-none-eabi-gcc/libdriver.a(sysctl.o)
                0x0000e070                SysCtlPeripheralClockGating
 .text.SysCtlIntEnable
                0x0000e098       0x10 ../../Common/drivers/LuminaryMicro/arm-none-eabi-gcc/libdriver.a(sysctl.o)
                0x0000e098                SysCtlIntEnable
 .text.SysCtlIntDisable
                0x0000e0a8       0x14 ../../Common/drivers/LuminaryMicro/arm-none-eabi-gcc/libdriver.a(sysctl.o)
                0x0000e0a8                SysCtlIntDisable
 .text.SysCtlIntClear
                0x0000e0bc        0xc ../../Common/drivers/LuminaryMicro/arm-none-eabi-gcc/libdriver.a(sysctl.o)
                0x0000e0bc                SysCtlIntClear
 .text.SysCtlIntStatus
                0x0000e0c8       0x1c ../../Common/drivers/LuminaryMicro/arm-none-eabi-gcc/libdriver.a(sysctl.o)
                0x0000e0c8                SysCtlIntStatus
 .text.SysCtlLDOSet
                0x0000e0e4        0xc ../../Common/drivers/LuminaryMicro/arm-none-eabi-gcc/libdriver.a(sysctl.o)
                0x0000e0e4                SysCtlLDOSet
 .text.SysCtlLDOGet
                0x0000e0f0        0xc ../../Common/drivers/LuminaryMicro/arm-none-eabi-gcc/libdriver.a(sysctl.o)
                0x0000e0f0                SysCtlLDOGet
 .text.SysCtlLDOConfigSet
                0x0000e0fc        0xc ../../Common/drivers/LuminaryMicro/arm-none-eabi-gcc/libdriver.a(sysctl.o)
                0x0000e0fc                SysCtlLDOConfigSet
 .text.SysCtlReset
                0x0000e108       0x14 ../../Common/drivers/LuminaryMicro/arm-none-eabi-gcc/libdriver.a(sysctl.o)
                0x0000e108                SysCtlReset
 .text.SysCtlResetCauseGet
                0x0000e11c        0xc ../../Common/drivers/LuminaryMicro/arm-none-eabi-gcc/libdriver.a(sysctl.o)
                0x0000e11c                SysCtlResetCauseGet
 .text.SysCtlResetCauseClear
                0x0000e128       0x14 ../../Common/drivers/LuminaryMicro/arm-none-eabi-gcc/libdriver.a(sysctl.o)
                0x0000e128                SysCtlResetCauseClear
 .text.SysCtlBrownOutConfigSet
                0x0000e13c       0x10 ../../Common/drivers/LuminaryMicro/arm-none-eabi-gcc/libdriver.a(sysctl.o)
                0x0000e13c                SysCtlBrownOutConfigSet
 .text.SysCtlDelay
                0x0000e14c        0x8 ../../Common/drivers/LuminaryMicro/arm-none-eabi-gcc/libdriver.a(sysctl.o)
                0x0000e14c                SysCtlDelay
 .text.SysCtlClockSet
                0x0000e154      0x1a8 ../../Common/drivers/LuminaryMicro/arm-none-eabi-gcc/libdriver.a(sysctl.o)
                0x0000e154                SysCtlClockSet
 .text.SysCtlClockGet
                0x0000e2fc      0x188 ../../Common/drivers/LuminaryMicro/arm-none-eabi-gcc/libdriver.a(sysctl.o)
                0x0000e2fc                SysCtlClockGet
 .text.SysCtlPWMClockSet
                0x0000e484       0x14 ../../Common/drivers/LuminaryMicro/arm-none-eabi-gcc/libdriver.a(sysctl.o)
                0x0000e484                SysCtlPWMClockSet
 .text.SysCtlPWMClockGet
                0x0000e498       0x18 ../../Common/drivers/LuminaryMicro/arm-none-eabi-gcc/libdriver.a(sysctl.o)
                0x0000e498                SysCtlPWMClockGet
 .text.SysCtlADCSpeedSet
                0x0000e4b0       0x3c ../../Common/drivers/LuminaryMicro/arm-none-eabi-gcc/libdriver.a(sysctl.o)
                0x0000e4b0                SysCtlADCSpeedSet
 .text.SysCtlADCSpeedGet
                0x0000e4ec       0x10 ../../Common/drivers/LuminaryMicro/arm-none-eabi-gcc/libdriver.a(sysctl.o)
                0x0000e4ec                SysCtlADCSpeedGet
 .text.SysCtlIOSCVerificationSet
                0x0000e4fc       0x28 ../../Common/drivers/LuminaryMicro/arm-none-eabi-gcc/libdriver.a(sysctl.o)
                0x0000e4fc                SysCtlIOSCVerificationSet
 .text.SysCtlMOSCVerificationSet
                0x0000e524       0x28 ../../Common/drivers/LuminaryMicro/arm-none-eabi-gcc/libdriver.a(sysctl.o)
                0x0000e524                SysCtlMOSCVerificationSet
 .text.SysCtlPLLVerificationSet
                0x0000e54c       0x28 ../../Common/drivers/LuminaryMicro/arm-none-eabi-gcc/libdriver.a(sysctl.o)
                0x0000e54c                SysCtlPLLVerificationSet
 .text.SysCtlClkVerificationClear
                0x0000e574       0x14 ../../Common/drivers/LuminaryMicro/arm-none-eabi-gcc/libdriver.a(sysctl.o)
                0x0000e574                SysCtlClkVerificationClear
 .text.SysCtlGPIOAHBEnable
                0x0000e588       0x14 ../../Common/drivers/LuminaryMicro/arm-none-eabi-gcc/libdriver.a(sysctl.o)
                0x0000e588                SysCtlGPIOAHBEnable
 .text.SysCtlGPIOAHBDisable